$ D:\Dineth\myenv\Scripts\python.exe -u D:\Dineth\focus_binary_benchmark\focus_binary_benchmark\scripts\multiseed_eval.py --family cnn_focus_hybrid --manifest D:\Dineth\focus_binary_benchmark\focus_binary_benchmark\revision_outputs\multiseed\leakage_safe_manifest.csv --runs-dir runs --out-dir D:\Dineth\focus_binary_benchmark\focus_binary_benchmark\revision_outputs\multiseed\training_outputs --seeds 55 --leakage-check stack_sha1

2026-05-22 21:42:20.043826: I tensorflow/core/util/port.cc:153] oneDNN custom operations are on. You may see slightly different numerical results due to floating-point round-off errors from different computation orders. To turn them off, set the environment variable `TF_ENABLE_ONEDNN_OPTS=0`.
2026-05-22 21:42:29.908700: I tensorflow/core/util/port.cc:153] oneDNN custom operations are on. You may see slightly different numerical results due to floating-point round-off errors from different computation orders. To turn them off, set the environment variable `TF_ENABLE_ONEDNN_OPTS=0`.
2026-05-22 21:42:40.982723: I tensorflow/core/platform/cpu_feature_guard.cc:210] This TensorFlow binary is optimized to use available CPU instructions in performance-critical operations.
To enable the following instructions: SSE3 SSE4.1 SSE4.2 AVX AVX2 FMA, in other operations, rebuild TensorFlow with the appropriate compiler flags.
Running leakage check (stack_sha1) on D:\Dineth\focus_binary_benchmark\focus_binary_benchmark\revision_outputs\multiseed\leakage_safe_manifest.csv
  sha1: checking 4969 files
  sha1: checked 1/4969
  sha1: checked 250/4969
  sha1: checked 500/4969
  sha1: checked 750/4969
  sha1: checked 1000/4969
  sha1: checked 1250/4969
  sha1: checked 1500/4969
  sha1: checked 1750/4969
  sha1: checked 2000/4969
  sha1: checked 2250/4969
  sha1: checked 2500/4969
  sha1: checked 2750/4969
  sha1: checked 3000/4969
  sha1: checked 3250/4969
  sha1: checked 3500/4969
  sha1: checked 3750/4969
  sha1: checked 4000/4969
  sha1: checked 4250/4969
  sha1: checked 4500/4969
  sha1: checked 4750/4969
  sha1: checked 4969/4969
Leakage audit summary:
  stack_id overlaps: 0
  sha1 duplicates: 0
  phash duplicates: 0
Class balance per dataset/split:
  TBSI split=test label=0 count=35 ratio=0.875
  TBSI split=test label=1 count=5 ratio=0.125
  TBSI split=train label=0 count=147 ratio=0.875
  TBSI split=train label=1 count=21 ratio=0.125
  TBSI split=val label=0 count=28 ratio=0.875
  TBSI split=val label=1 count=4 ratio=0.125
  bma split=test label=0 count=55 ratio=0.917
  bma split=test label=1 count=5 ratio=0.083
  bma split=train label=0 count=297 ratio=0.917
  bma split=train label=1 count=27 ratio=0.083
  bma split=val label=0 count=66 ratio=0.917
  bma split=val label=1 count=6 ratio=0.083
  pbs_imgs split=test label=0 count=114 ratio=0.912
  pbs_imgs split=test label=1 count=11 ratio=0.088
  pbs_imgs split=train label=0 count=570 ratio=0.913
  pbs_imgs split=train label=1 count=54 ratio=0.087
  pbs_imgs split=val label=0 count=120 ratio=0.909
  pbs_imgs split=val label=1 count=12 ratio=0.091
  tbf_imgs split=test label=0 count=297 ratio=0.917
  tbf_imgs split=test label=1 count=27 ratio=0.083
  tbf_imgs split=train label=0 count=1353 ratio=0.917
  tbf_imgs split=train label=1 count=123 ratio=0.083
  tbf_imgs split=val label=0 count=352 ratio=0.917
  tbf_imgs split=val label=1 count=32 ratio=0.083
  wbc split=test label=0 count=154 ratio=0.875
  wbc split=test label=1 count=22 ratio=0.125
  wbc split=train label=0 count=742 ratio=0.875
  wbc split=train label=1 count=106 ratio=0.125
  wbc split=val label=0 count=161 ratio=0.875
  wbc split=val label=1 count=23 ratio=0.125
[WARNING] focus_binary.focus_binary.data.balance: Extreme class imbalance detected
[WARNING] focus_binary.focus_binary.data.balance: Extreme class imbalance detected
[WARNING] focus_binary.focus_binary.data.balance: Extreme class imbalance detected
[WARNING] focus_binary.focus_binary.data.balance: Extreme class imbalance detected
[WARNING] focus_binary.focus_binary.data.balance: Extreme class imbalance detected
[WARNING] focus_binary.focus_binary.data.balance: Extreme class imbalance detected
[WARNING] focus_binary.focus_binary.data.balance: Extreme class imbalance detected
[WARNING] focus_binary.focus_binary.data.balance: Extreme class imbalance detected
[WARNING] focus_binary.focus_binary.data.balance: Extreme class imbalance detected
[WARNING] focus_binary.focus_binary.data.balance: Extreme class imbalance detected
[WARNING] focus_binary.focus_binary.data.balance: Extreme class imbalance detected
[WARNING] focus_binary.focus_binary.data.balance: Extreme class imbalance detected
[WARNING] focus_binary.focus_binary.data.balance: Extreme class imbalance detected
[WARNING] focus_binary.focus_binary.data.balance: Extreme class imbalance detected
[WARNING] focus_binary.focus_binary.data.balance: Extreme class imbalance detected
[WARNING] focus_binary.focus_binary.data.balance: Extreme class imbalance detected
[WARNING] focus_binary.focus_binary.data.balance: Extreme class imbalance detected
[WARNING] focus_binary.focus_binary.data.balance: Extreme class imbalance detected
[WARNING] focus_binary.focus_binary.data.balance: Extreme class imbalance detected
[WARNING] focus_binary.focus_binary.data.balance: Extreme class imbalance detected
[WARNING] focus_binary.focus_binary.data.balance: Extreme class imbalance detected
[WARNING] focus_binary.focus_binary.data.balance: Extreme class imbalance detected
[WARNING] focus_binary.focus_binary.data.balance: Extreme class imbalance detected
[WARNING] focus_binary.focus_binary.data.balance: Extreme class imbalance detected
[WARNING] focus_binary.focus_binary.data.balance: Extreme class imbalance detected
[WARNING] focus_binary.focus_binary.data.balance: Extreme class imbalance detected
[WARNING] focus_binary.focus_binary.data.balance: Extreme class imbalance detected
[WARNING] focus_binary.focus_binary.data.balance: Extreme class imbalance detected
[WARNING] focus_binary.focus_binary.data.balance: Extreme class imbalance detected
[WARNING] focus_binary.focus_binary.data.balance: Extreme class imbalance detected
Starting multiseed job: family=cnn_focus_hybrid seed=55
cnn_focus_hybrid phase-a: epoch 1/30 start
2026-05-22 21:47:18.437789: I external/local_xla/xla/service/service.cc:163] XLA service 0x22e05af50d0 initialized for platform Host (this does not guarantee that XLA will be used). Devices:
2026-05-22 21:47:18.446174: I external/local_xla/xla/service/service.cc:171]   StreamExecutor device (0): Host, Default Version
WARNING: All log messages before absl::InitializeLog() is called are written to STDERR
I0000 00:00:1779466672.272341    4532 device_compiler.h:196] Compiled cluster using XLA!  This line is logged at most once for the lifetime of the process.
cnn_focus_hybrid phase-a: epoch 1/30 done in 402.6s loss=0.7313 auc=0.5549 val_loss=0.6917 val_auc=0.7340
cnn_focus_hybrid phase-a: epoch 2/30 start
cnn_focus_hybrid phase-a: epoch 2/30 done in 23.0s loss=0.6942 auc=0.6298 val_loss=0.6378 val_auc=0.7289
cnn_focus_hybrid phase-a: epoch 3/30 start
cnn_focus_hybrid phase-a: epoch 3/30 done in 23.3s loss=0.6638 auc=0.6675 val_loss=0.6020 val_auc=0.7602
cnn_focus_hybrid phase-a: epoch 4/30 start
cnn_focus_hybrid phase-a: epoch 4/30 done in 22.9s loss=0.6425 auc=0.7055 val_loss=0.5822 val_auc=0.7778
cnn_focus_hybrid phase-a: epoch 5/30 start
cnn_focus_hybrid phase-a: epoch 5/30 done in 22.8s loss=0.6296 auc=0.7283 val_loss=0.5917 val_auc=0.7925
cnn_focus_hybrid phase-a: epoch 6/30 start
cnn_focus_hybrid phase-a: epoch 6/30 done in 21.9s loss=0.6217 auc=0.7353 val_loss=0.5874 val_auc=0.7972
cnn_focus_hybrid phase-a: epoch 7/30 start
cnn_focus_hybrid phase-a: epoch 7/30 done in 22.0s loss=0.6090 auc=0.7529 val_loss=0.5672 val_auc=0.8012
cnn_focus_hybrid phase-a: epoch 8/30 start
cnn_focus_hybrid phase-a: epoch 8/30 done in 22.1s loss=0.6042 auc=0.7531 val_loss=0.5685 val_auc=0.8238
cnn_focus_hybrid phase-a: epoch 9/30 start
cnn_focus_hybrid phase-a: epoch 9/30 done in 22.0s loss=0.5969 auc=0.7628 val_loss=0.5729 val_auc=0.8127
cnn_focus_hybrid phase-a: epoch 10/30 start
cnn_focus_hybrid phase-a: epoch 10/30 done in 22.1s loss=0.5945 auc=0.7616 val_loss=0.5586 val_auc=0.8170
cnn_focus_hybrid phase-a: epoch 11/30 start
cnn_focus_hybrid phase-a: epoch 11/30 done in 22.1s loss=0.5860 auc=0.7705 val_loss=0.5298 val_auc=0.8321
cnn_focus_hybrid phase-a: epoch 12/30 start
cnn_focus_hybrid phase-a: epoch 12/30 done in 21.9s loss=0.5775 auc=0.7733 val_loss=0.5307 val_auc=0.8239
cnn_focus_hybrid phase-a: epoch 13/30 start
cnn_focus_hybrid phase-a: epoch 13/30 done in 22.0s loss=0.5729 auc=0.7742 val_loss=0.5517 val_auc=0.8258
cnn_focus_hybrid phase-a: epoch 14/30 start
cnn_focus_hybrid phase-a: epoch 14/30 done in 22.1s loss=0.5662 auc=0.7832 val_loss=0.5237 val_auc=0.8316
cnn_focus_hybrid phase-a: epoch 15/30 start
cnn_focus_hybrid phase-a: epoch 15/30 done in 22.0s loss=0.5605 auc=0.7842 val_loss=0.5511 val_auc=0.8288
cnn_focus_hybrid phase-a: epoch 16/30 start
cnn_focus_hybrid phase-a: epoch 16/30 done in 22.2s loss=0.5545 auc=0.7911 val_loss=0.4935 val_auc=0.8366
cnn_focus_hybrid phase-a: epoch 17/30 start
cnn_focus_hybrid phase-a: epoch 17/30 done in 22.0s loss=0.5533 auc=0.7880 val_loss=0.5061 val_auc=0.8396
cnn_focus_hybrid phase-a: epoch 18/30 start
cnn_focus_hybrid phase-a: epoch 18/30 done in 21.9s loss=0.5504 auc=0.7875 val_loss=0.5065 val_auc=0.8433
cnn_focus_hybrid phase-a: epoch 19/30 start
cnn_focus_hybrid phase-a: epoch 19/30 done in 22.0s loss=0.5450 auc=0.7925 val_loss=0.4990 val_auc=0.8438
cnn_focus_hybrid phase-a: epoch 20/30 start
cnn_focus_hybrid phase-a: epoch 20/30 done in 22.0s loss=0.5403 auc=0.7943 val_loss=0.4945 val_auc=0.8452
cnn_focus_hybrid phase-a: epoch 21/30 start
cnn_focus_hybrid phase-a: epoch 21/30 done in 21.9s loss=0.5359 auc=0.8028 val_loss=0.4668 val_auc=0.8649
cnn_focus_hybrid phase-a: epoch 22/30 start
cnn_focus_hybrid phase-a: epoch 22/30 done in 22.0s loss=0.5287 auc=0.8056 val_loss=0.4888 val_auc=0.8464
cnn_focus_hybrid phase-a: epoch 23/30 start
cnn_focus_hybrid phase-a: epoch 23/30 done in 21.9s loss=0.5287 auc=0.8039 val_loss=0.4580 val_auc=0.8693
cnn_focus_hybrid phase-a: epoch 24/30 start
cnn_focus_hybrid phase-a: epoch 24/30 done in 22.0s loss=0.5223 auc=0.8064 val_loss=0.4580 val_auc=0.8655
cnn_focus_hybrid phase-a: epoch 25/30 start
cnn_focus_hybrid phase-a: epoch 25/30 done in 22.0s loss=0.5120 auc=0.8178 val_loss=0.4537 val_auc=0.8501
cnn_focus_hybrid phase-a: epoch 26/30 start
cnn_focus_hybrid phase-a: epoch 26/30 done in 22.0s loss=0.5036 auc=0.8217 val_loss=0.4773 val_auc=0.8567
cnn_focus_hybrid phase-a: epoch 27/30 start
cnn_focus_hybrid phase-a: epoch 27/30 done in 22.0s loss=0.5047 auc=0.8191 val_loss=0.4395 val_auc=0.8561
cnn_focus_hybrid phase-a: epoch 28/30 start
cnn_focus_hybrid phase-a: epoch 28/30 done in 22.0s loss=0.4958 auc=0.8233 val_loss=0.4724 val_auc=0.8575
cnn_focus_hybrid phase-a: epoch 29/30 start
cnn_focus_hybrid phase-a: epoch 29/30 done in 22.0s loss=0.4828 auc=0.8292 val_loss=0.4672 val_auc=0.8839
cnn_focus_hybrid phase-a: epoch 30/30 start
cnn_focus_hybrid phase-a: epoch 30/30 done in 22.1s loss=0.4827 auc=0.8311 val_loss=0.4650 val_auc=0.8495
cnn_focus_hybrid final: epoch 1/29 start
cnn_focus_hybrid final: epoch 1/29 done in 409.2s loss=0.7199 auc=0.6064
cnn_focus_hybrid final: epoch 2/29 start
cnn_focus_hybrid final: epoch 2/29 done in 26.4s loss=0.6745 auc=0.6691
cnn_focus_hybrid final: epoch 3/29 start
cnn_focus_hybrid final: epoch 3/29 done in 27.3s loss=0.6452 auc=0.7064
cnn_focus_hybrid final: epoch 4/29 start
cnn_focus_hybrid final: epoch 4/29 done in 27.2s loss=0.6278 auc=0.7305
cnn_focus_hybrid final: epoch 5/29 start
cnn_focus_hybrid final: epoch 5/29 done in 27.5s loss=0.6191 auc=0.7444
cnn_focus_hybrid final: epoch 6/29 start
cnn_focus_hybrid final: epoch 6/29 done in 27.3s loss=0.6068 auc=0.7530
cnn_focus_hybrid final: epoch 7/29 start
cnn_focus_hybrid final: epoch 7/29 done in 27.4s loss=0.6029 auc=0.7581
cnn_focus_hybrid final: epoch 8/29 start
cnn_focus_hybrid final: epoch 8/29 done in 27.3s loss=0.5902 auc=0.7716
cnn_focus_hybrid final: epoch 9/29 start
cnn_focus_hybrid final: epoch 9/29 done in 27.6s loss=0.5835 auc=0.7735
cnn_focus_hybrid final: epoch 10/29 start
cnn_focus_hybrid final: epoch 10/29 done in 27.5s loss=0.5773 auc=0.7755
cnn_focus_hybrid final: epoch 11/29 start
cnn_focus_hybrid final: epoch 11/29 done in 27.5s loss=0.5707 auc=0.7825
cnn_focus_hybrid final: epoch 12/29 start
cnn_focus_hybrid final: epoch 12/29 done in 27.5s loss=0.5673 auc=0.7815
cnn_focus_hybrid final: epoch 13/29 start
cnn_focus_hybrid final: epoch 13/29 done in 27.4s loss=0.5532 auc=0.7935
cnn_focus_hybrid final: epoch 14/29 start
cnn_focus_hybrid final: epoch 14/29 done in 27.2s loss=0.5495 auc=0.7956
cnn_focus_hybrid final: epoch 15/29 start
cnn_focus_hybrid final: epoch 15/29 done in 27.3s loss=0.5426 auc=0.7985
cnn_focus_hybrid final: epoch 16/29 start
cnn_focus_hybrid final: epoch 16/29 done in 26.6s loss=0.5317 auc=0.8084
cnn_focus_hybrid final: epoch 17/29 start
cnn_focus_hybrid final: epoch 17/29 done in 27.1s loss=0.5375 auc=0.7980
cnn_focus_hybrid final: epoch 18/29 start
cnn_focus_hybrid final: epoch 18/29 done in 26.5s loss=0.5308 auc=0.8041
cnn_focus_hybrid final: epoch 19/29 start
cnn_focus_hybrid final: epoch 19/29 done in 26.8s loss=0.5285 auc=0.8038
cnn_focus_hybrid final: epoch 20/29 start
cnn_focus_hybrid final: epoch 20/29 done in 26.0s loss=0.5206 auc=0.8139
cnn_focus_hybrid final: epoch 21/29 start
cnn_focus_hybrid final: epoch 21/29 done in 26.4s loss=0.5304 auc=0.8028
cnn_focus_hybrid final: epoch 22/29 start
cnn_focus_hybrid final: epoch 22/29 done in 26.6s loss=0.5175 auc=0.8136
cnn_focus_hybrid final: epoch 23/29 start
cnn_focus_hybrid final: epoch 23/29 done in 26.4s loss=0.5138 auc=0.8170
cnn_focus_hybrid final: epoch 24/29 start
cnn_focus_hybrid final: epoch 24/29 done in 25.8s loss=0.5120 auc=0.8156
cnn_focus_hybrid final: epoch 25/29 start
cnn_focus_hybrid final: epoch 25/29 done in 26.2s loss=0.5048 auc=0.8198
cnn_focus_hybrid final: epoch 26/29 start
cnn_focus_hybrid final: epoch 26/29 done in 25.9s loss=0.4918 auc=0.8300
cnn_focus_hybrid final: epoch 27/29 start
cnn_focus_hybrid final: epoch 27/29 done in 26.4s loss=0.4841 auc=0.8321
cnn_focus_hybrid final: epoch 28/29 start
cnn_focus_hybrid final: epoch 28/29 done in 25.7s loss=0.4822 auc=0.8297
cnn_focus_hybrid final: epoch 29/29 start
cnn_focus_hybrid final: epoch 29/29 done in 25.3s loss=0.4761 auc=0.8406
[INFO] focus_binary.focus_binary.scripts.multiseed_eval: seed complete
[INFO] focus_binary.focus_binary.scripts.multiseed_eval: multi-seed evaluation complete
