$ D:\Dineth\myenv\Scripts\python.exe -u D:\Dineth\focus_binary_benchmark\focus_binary_benchmark\scripts\multiseed_eval.py --family cnn_attention --manifest D:\Dineth\focus_binary_benchmark\focus_binary_benchmark\revision_outputs\multiseed\leakage_safe_manifest.csv --runs-dir runs --out-dir D:\Dineth\focus_binary_benchmark\focus_binary_benchmark\revision_outputs\multiseed\training_outputs --seeds 33 --leakage-check stack_sha1

2026-05-22 06:45:40.898464: I tensorflow/core/util/port.cc:153] oneDNN custom operations are on. You may see slightly different numerical results due to floating-point round-off errors from different computation orders. To turn them off, set the environment variable `TF_ENABLE_ONEDNN_OPTS=0`.
2026-05-22 06:45:52.394311: I tensorflow/core/util/port.cc:153] oneDNN custom operations are on. You may see slightly different numerical results due to floating-point round-off errors from different computation orders. To turn them off, set the environment variable `TF_ENABLE_ONEDNN_OPTS=0`.
2026-05-22 06:46:05.467121: I tensorflow/core/platform/cpu_feature_guard.cc:210] This TensorFlow binary is optimized to use available CPU instructions in performance-critical operations.
To enable the following instructions: SSE3 SSE4.1 SSE4.2 AVX AVX2 FMA, in other operations, rebuild TensorFlow with the appropriate compiler flags.
Running leakage check (stack_sha1) on D:\Dineth\focus_binary_benchmark\focus_binary_benchmark\revision_outputs\multiseed\leakage_safe_manifest.csv
  sha1: checking 4969 files
  sha1: checked 1/4969
  sha1: checked 250/4969
  sha1: checked 500/4969
  sha1: checked 750/4969
  sha1: checked 1000/4969
  sha1: checked 1250/4969
  sha1: checked 1500/4969
  sha1: checked 1750/4969
  sha1: checked 2000/4969
  sha1: checked 2250/4969
  sha1: checked 2500/4969
  sha1: checked 2750/4969
  sha1: checked 3000/4969
  sha1: checked 3250/4969
  sha1: checked 3500/4969
  sha1: checked 3750/4969
  sha1: checked 4000/4969
  sha1: checked 4250/4969
  sha1: checked 4500/4969
  sha1: checked 4750/4969
  sha1: checked 4969/4969
Leakage audit summary:
  stack_id overlaps: 0
  sha1 duplicates: 0
  phash duplicates: 0
Class balance per dataset/split:
  TBSI split=test label=0 count=35 ratio=0.875
  TBSI split=test label=1 count=5 ratio=0.125
  TBSI split=train label=0 count=147 ratio=0.875
  TBSI split=train label=1 count=21 ratio=0.125
  TBSI split=val label=0 count=28 ratio=0.875
  TBSI split=val label=1 count=4 ratio=0.125
  bma split=test label=0 count=55 ratio=0.917
  bma split=test label=1 count=5 ratio=0.083
  bma split=train label=0 count=297 ratio=0.917
  bma split=train label=1 count=27 ratio=0.083
  bma split=val label=0 count=66 ratio=0.917
  bma split=val label=1 count=6 ratio=0.083
  pbs_imgs split=test label=0 count=114 ratio=0.912
  pbs_imgs split=test label=1 count=11 ratio=0.088
  pbs_imgs split=train label=0 count=570 ratio=0.913
  pbs_imgs split=train label=1 count=54 ratio=0.087
  pbs_imgs split=val label=0 count=120 ratio=0.909
  pbs_imgs split=val label=1 count=12 ratio=0.091
  tbf_imgs split=test label=0 count=297 ratio=0.917
  tbf_imgs split=test label=1 count=27 ratio=0.083
  tbf_imgs split=train label=0 count=1353 ratio=0.917
  tbf_imgs split=train label=1 count=123 ratio=0.083
  tbf_imgs split=val label=0 count=352 ratio=0.917
  tbf_imgs split=val label=1 count=32 ratio=0.083
  wbc split=test label=0 count=154 ratio=0.875
  wbc split=test label=1 count=22 ratio=0.125
  wbc split=train label=0 count=742 ratio=0.875
  wbc split=train label=1 count=106 ratio=0.125
  wbc split=val label=0 count=161 ratio=0.875
  wbc split=val label=1 count=23 ratio=0.125
[WARNING] focus_binary.focus_binary.data.balance: Extreme class imbalance detected
[WARNING] focus_binary.focus_binary.data.balance: Extreme class imbalance detected
[WARNING] focus_binary.focus_binary.data.balance: Extreme class imbalance detected
[WARNING] focus_binary.focus_binary.data.balance: Extreme class imbalance detected
[WARNING] focus_binary.focus_binary.data.balance: Extreme class imbalance detected
[WARNING] focus_binary.focus_binary.data.balance: Extreme class imbalance detected
[WARNING] focus_binary.focus_binary.data.balance: Extreme class imbalance detected
[WARNING] focus_binary.focus_binary.data.balance: Extreme class imbalance detected
[WARNING] focus_binary.focus_binary.data.balance: Extreme class imbalance detected
[WARNING] focus_binary.focus_binary.data.balance: Extreme class imbalance detected
[WARNING] focus_binary.focus_binary.data.balance: Extreme class imbalance detected
[WARNING] focus_binary.focus_binary.data.balance: Extreme class imbalance detected
[WARNING] focus_binary.focus_binary.data.balance: Extreme class imbalance detected
[WARNING] focus_binary.focus_binary.data.balance: Extreme class imbalance detected
[WARNING] focus_binary.focus_binary.data.balance: Extreme class imbalance detected
[WARNING] focus_binary.focus_binary.data.balance: Extreme class imbalance detected
[WARNING] focus_binary.focus_binary.data.balance: Extreme class imbalance detected
[WARNING] focus_binary.focus_binary.data.balance: Extreme class imbalance detected
[WARNING] focus_binary.focus_binary.data.balance: Extreme class imbalance detected
[WARNING] focus_binary.focus_binary.data.balance: Extreme class imbalance detected
[WARNING] focus_binary.focus_binary.data.balance: Extreme class imbalance detected
[WARNING] focus_binary.focus_binary.data.balance: Extreme class imbalance detected
[WARNING] focus_binary.focus_binary.data.balance: Extreme class imbalance detected
[WARNING] focus_binary.focus_binary.data.balance: Extreme class imbalance detected
[WARNING] focus_binary.focus_binary.data.balance: Extreme class imbalance detected
[WARNING] focus_binary.focus_binary.data.balance: Extreme class imbalance detected
[WARNING] focus_binary.focus_binary.data.balance: Extreme class imbalance detected
[WARNING] focus_binary.focus_binary.data.balance: Extreme class imbalance detected
[WARNING] focus_binary.focus_binary.data.balance: Extreme class imbalance detected
[WARNING] focus_binary.focus_binary.data.balance: Extreme class imbalance detected
Starting multiseed job: family=cnn_attention seed=33
cnn_attention phase-a: epoch 1/50 start
2026-05-22 06:50:36.630605: I external/local_xla/xla/service/service.cc:163] XLA service 0x24c5a841f90 initialized for platform Host (this does not guarantee that XLA will be used). Devices:
2026-05-22 06:50:36.916898: I external/local_xla/xla/service/service.cc:171]   StreamExecutor device (0): Host, Default Version
WARNING: All log messages before absl::InitializeLog() is called are written to STDERR
I0000 00:00:1779412880.999325   11556 device_compiler.h:196] Compiled cluster using XLA!  This line is logged at most once for the lifetime of the process.
cnn_attention phase-a: epoch 1/50 done in 409.8s loss=0.6768 auc=0.7113 val_loss=0.3987 val_auc=0.5076
cnn_attention phase-a: epoch 2/50 start
cnn_attention phase-a: epoch 2/50 done in 142.2s loss=0.6267 auc=0.7567 val_loss=0.3680 val_auc=0.4846
cnn_attention phase-a: epoch 3/50 start
cnn_attention phase-a: epoch 3/50 done in 142.7s loss=0.5938 auc=0.7810 val_loss=0.3708 val_auc=0.7048
cnn_attention phase-a: epoch 4/50 start
cnn_attention phase-a: epoch 4/50 done in 143.3s loss=0.5762 auc=0.7948 val_loss=0.4210 val_auc=0.6478
cnn_attention phase-a: epoch 5/50 start
cnn_attention phase-a: epoch 5/50 done in 142.0s loss=0.5621 auc=0.8008 val_loss=1.3667 val_auc=0.6483
cnn_attention phase-a: epoch 6/50 start
cnn_attention phase-a: epoch 6/50 done in 141.9s loss=0.5521 auc=0.8083 val_loss=1.3995 val_auc=0.6546
cnn_attention phase-a: epoch 7/50 start
cnn_attention phase-a: epoch 7/50 done in 142.6s loss=0.5286 auc=0.8244 val_loss=1.7060 val_auc=0.6627
cnn_attention phase-a: epoch 8/50 start
cnn_attention phase-a: epoch 8/50 done in 142.2s loss=0.5283 auc=0.8289 val_loss=2.6826 val_auc=0.6285
cnn_attention phase-a: epoch 9/50 start
cnn_attention phase-a: epoch 9/50 done in 141.8s loss=0.5155 auc=0.8354 val_loss=3.4228 val_auc=0.6095
cnn_attention phase-a: epoch 10/50 start
cnn_attention phase-a: epoch 10/50 done in 142.6s loss=0.5031 auc=0.8438 val_loss=3.0336 val_auc=0.6061
cnn_attention phase-a: epoch 11/50 start
cnn_attention phase-a: epoch 11/50 done in 142.3s loss=0.4976 auc=0.8477 val_loss=4.6746 val_auc=0.6039
cnn_attention phase-a: epoch 12/50 start
cnn_attention phase-a: epoch 12/50 done in 141.7s loss=0.4960 auc=0.8513 val_loss=4.4547 val_auc=0.6061
cnn_attention phase-a: epoch 13/50 start
cnn_attention phase-a: epoch 13/50 done in 142.7s loss=0.4969 auc=0.8518 val_loss=2.3847 val_auc=0.6636
cnn_attention phase-a: epoch 14/50 start
cnn_attention phase-a: epoch 14/50 done in 142.5s loss=0.4779 auc=0.8687 val_loss=4.3819 val_auc=0.6141
cnn_attention phase-a: epoch 15/50 start
cnn_attention phase-a: epoch 15/50 done in 142.4s loss=0.4763 auc=0.8657 val_loss=5.4121 val_auc=0.5925
cnn_attention phase-a: epoch 16/50 start
cnn_attention phase-a: epoch 16/50 done in 143.2s loss=0.4716 auc=0.8693 val_loss=5.0841 val_auc=0.6113
cnn_attention phase-a: epoch 17/50 start
cnn_attention phase-a: epoch 17/50 done in 142.4s loss=0.4719 auc=0.8679 val_loss=3.5641 val_auc=0.6286
cnn_attention phase-a: epoch 18/50 start
cnn_attention phase-a: epoch 18/50 done in 142.2s loss=0.4576 auc=0.8814 val_loss=3.6733 val_auc=0.6566
cnn_attention phase-a: epoch 19/50 start
cnn_attention phase-a: epoch 19/50 done in 142.2s loss=0.4568 auc=0.8832 val_loss=3.7049 val_auc=0.6390
cnn_attention phase-a: epoch 20/50 start
cnn_attention phase-a: epoch 20/50 done in 141.9s loss=0.4458 auc=0.8885 val_loss=3.2064 val_auc=0.6455
cnn_attention phase-a: epoch 21/50 start
cnn_attention phase-a: epoch 21/50 done in 141.6s loss=0.4369 auc=0.8955 val_loss=6.6643 val_auc=0.5922
cnn_attention phase-a: epoch 22/50 start
cnn_attention phase-a: epoch 22/50 done in 141.7s loss=0.4496 auc=0.8897 val_loss=3.9508 val_auc=0.6406
cnn_attention phase-a: epoch 23/50 start
cnn_attention phase-a: epoch 23/50 done in 142.3s loss=0.4201 auc=0.9065 val_loss=6.9616 val_auc=0.5926
cnn_attention phase-a: epoch 24/50 start
cnn_attention phase-a: epoch 24/50 done in 143.3s loss=0.4099 auc=0.9133 val_loss=2.6698 val_auc=0.6693
cnn_attention phase-a: epoch 25/50 start
cnn_attention phase-a: epoch 25/50 done in 142.0s loss=0.3948 auc=0.9224 val_loss=5.6228 val_auc=0.6500
cnn_attention phase-a: epoch 26/50 start
cnn_attention phase-a: epoch 26/50 done in 142.0s loss=0.3756 auc=0.9304 val_loss=5.9395 val_auc=0.5997
cnn_attention phase-a: epoch 27/50 start
cnn_attention phase-a: epoch 27/50 done in 141.8s loss=0.4267 auc=0.9058 val_loss=2.4416 val_auc=0.7385
cnn_attention phase-a: epoch 28/50 start
cnn_attention phase-a: epoch 28/50 done in 142.4s loss=0.3710 auc=0.9318 val_loss=2.6446 val_auc=0.7536
cnn_attention phase-a: epoch 29/50 start
cnn_attention phase-a: epoch 29/50 done in 142.5s loss=0.3578 auc=0.9375 val_loss=4.7603 val_auc=0.6546
cnn_attention phase-a: epoch 30/50 start
cnn_attention phase-a: epoch 30/50 done in 142.1s loss=0.3729 auc=0.9311 val_loss=2.6740 val_auc=0.7621
cnn_attention phase-a: epoch 31/50 start
cnn_attention phase-a: epoch 31/50 done in 142.3s loss=0.3554 auc=0.9375 val_loss=2.0642 val_auc=0.8722
cnn_attention phase-a: epoch 32/50 start
cnn_attention phase-a: epoch 32/50 done in 142.5s loss=0.3337 auc=0.9460 val_loss=5.2788 val_auc=0.6713
cnn_attention phase-a: epoch 33/50 start
cnn_attention phase-a: epoch 33/50 done in 142.7s loss=0.3028 auc=0.9552 val_loss=2.3133 val_auc=0.7623
cnn_attention phase-a: epoch 34/50 start
cnn_attention phase-a: epoch 34/50 done in 142.1s loss=0.2868 auc=0.9599 val_loss=5.6405 val_auc=0.6559
cnn_attention phase-a: epoch 35/50 start
cnn_attention phase-a: epoch 35/50 done in 142.2s loss=0.2675 auc=0.9661 val_loss=4.9426 val_auc=0.6726
cnn_attention phase-a: epoch 36/50 start
cnn_attention phase-a: epoch 36/50 done in 142.6s loss=0.3011 auc=0.9575 val_loss=4.3897 val_auc=0.7015
cnn_attention phase-a: epoch 37/50 start
cnn_attention phase-a: epoch 37/50 done in 142.4s loss=0.2744 auc=0.9634 val_loss=6.8248 val_auc=0.5254
cnn_attention phase-a: epoch 38/50 start
cnn_attention phase-a: epoch 38/50 done in 142.0s loss=0.2712 auc=0.9659 val_loss=3.0908 val_auc=0.9422
cnn_attention phase-a: epoch 39/50 start
cnn_attention phase-a: epoch 39/50 done in 142.0s loss=0.2952 auc=0.9591 val_loss=3.4197 val_auc=0.8216
cnn_attention phase-a: epoch 40/50 start
cnn_attention phase-a: epoch 40/50 done in 142.0s loss=0.2397 auc=0.9730 val_loss=6.1881 val_auc=0.5468
cnn_attention phase-a: epoch 41/50 start
cnn_attention phase-a: epoch 41/50 done in 142.3s loss=0.2709 auc=0.9667 val_loss=7.4630 val_auc=0.7012
cnn_attention phase-a: epoch 42/50 start
cnn_attention phase-a: epoch 42/50 done in 142.4s loss=0.2547 auc=0.9697 val_loss=6.7041 val_auc=0.5248
cnn_attention phase-a: epoch 43/50 start
cnn_attention phase-a: epoch 43/50 done in 142.2s loss=0.2362 auc=0.9743 val_loss=7.5237 val_auc=0.7003
cnn_attention phase-a: epoch 44/50 start
cnn_attention phase-a: epoch 44/50 done in 142.0s loss=0.2533 auc=0.9707 val_loss=6.2490 val_auc=0.6944
cnn_attention phase-a: epoch 45/50 start
cnn_attention phase-a: epoch 45/50 done in 142.5s loss=0.2315 auc=0.9750 val_loss=0.8674 val_auc=0.8046
cnn_attention phase-a: epoch 46/50 start
cnn_attention phase-a: epoch 46/50 done in 142.5s loss=0.3325 auc=0.9487 val_loss=2.8557 val_auc=0.6646
cnn_attention phase-a: epoch 47/50 start
cnn_attention phase-a: epoch 47/50 done in 142.3s loss=0.2660 auc=0.9682 val_loss=3.5836 val_auc=0.7308
cnn_attention phase-a: epoch 48/50 start
cnn_attention phase-a: epoch 48/50 done in 142.3s loss=0.3528 auc=0.9421 val_loss=0.3498 val_auc=0.8219
cnn_attention phase-a: epoch 49/50 start
cnn_attention phase-a: epoch 49/50 done in 142.7s loss=0.3647 auc=0.9370 val_loss=1.2859 val_auc=0.9229
cnn_attention phase-a: epoch 50/50 start
cnn_attention phase-a: epoch 50/50 done in 141.8s loss=0.3269 auc=0.9509 val_loss=1.2645 val_auc=0.9241
cnn_attention final: epoch 1/38 start
cnn_attention final: epoch 1/38 done in 416.8s loss=0.6652 auc=0.7166
cnn_attention final: epoch 2/38 start
cnn_attention final: epoch 2/38 done in 174.7s loss=0.5838 auc=0.7862
cnn_attention final: epoch 3/38 start
cnn_attention final: epoch 3/38 done in 175.7s loss=0.5489 auc=0.8116
cnn_attention final: epoch 4/38 start
cnn_attention final: epoch 4/38 done in 175.5s loss=0.5283 auc=0.8293
cnn_attention final: epoch 5/38 start
cnn_attention final: epoch 5/38 done in 173.5s loss=0.5068 auc=0.8452
cnn_attention final: epoch 6/38 start
cnn_attention final: epoch 6/38 done in 172.4s loss=0.4991 auc=0.8466
cnn_attention final: epoch 7/38 start
cnn_attention final: epoch 7/38 done in 172.4s loss=0.4894 auc=0.8546
cnn_attention final: epoch 8/38 start
cnn_attention final: epoch 8/38 done in 172.4s loss=0.4882 auc=0.8573
cnn_attention final: epoch 9/38 start
cnn_attention final: epoch 9/38 done in 170.8s loss=0.4861 auc=0.8612
cnn_attention final: epoch 10/38 start
cnn_attention final: epoch 10/38 done in 170.1s loss=0.4655 auc=0.8701
cnn_attention final: epoch 11/38 start
cnn_attention final: epoch 11/38 done in 169.2s loss=0.4590 auc=0.8755
cnn_attention final: epoch 12/38 start
cnn_attention final: epoch 12/38 done in 169.3s loss=0.4521 auc=0.8804
cnn_attention final: epoch 13/38 start
cnn_attention final: epoch 13/38 done in 169.7s loss=0.4455 auc=0.8869
cnn_attention final: epoch 14/38 start
cnn_attention final: epoch 14/38 done in 168.8s loss=0.4357 auc=0.8908
cnn_attention final: epoch 15/38 start
cnn_attention final: epoch 15/38 done in 168.5s loss=0.4275 auc=0.8986
cnn_attention final: epoch 16/38 start
cnn_attention final: epoch 16/38 done in 169.1s loss=0.4141 auc=0.9070
cnn_attention final: epoch 17/38 start
cnn_attention final: epoch 17/38 done in 168.5s loss=0.3990 auc=0.9180
cnn_attention final: epoch 18/38 start
cnn_attention final: epoch 18/38 done in 169.0s loss=0.3993 auc=0.9159
cnn_attention final: epoch 19/38 start
cnn_attention final: epoch 19/38 done in 169.7s loss=0.3690 auc=0.9316
cnn_attention final: epoch 20/38 start
cnn_attention final: epoch 20/38 done in 168.4s loss=0.4427 auc=0.8954
cnn_attention final: epoch 21/38 start
cnn_attention final: epoch 21/38 done in 169.2s loss=0.3579 auc=0.9379
cnn_attention final: epoch 22/38 start
cnn_attention final: epoch 22/38 done in 168.9s loss=0.3176 auc=0.9513
cnn_attention final: epoch 23/38 start
cnn_attention final: epoch 23/38 done in 168.9s loss=0.3231 auc=0.9493
cnn_attention final: epoch 24/38 start
cnn_attention final: epoch 24/38 done in 169.6s loss=0.2769 auc=0.9625
cnn_attention final: epoch 25/38 start
cnn_attention final: epoch 25/38 done in 168.8s loss=0.2796 auc=0.9624
cnn_attention final: epoch 26/38 start
cnn_attention final: epoch 26/38 done in 168.9s loss=0.2660 auc=0.9666
cnn_attention final: epoch 27/38 start
cnn_attention final: epoch 27/38 done in 168.8s loss=0.2502 auc=0.9693
cnn_attention final: epoch 28/38 start
cnn_attention final: epoch 28/38 done in 168.7s loss=0.2356 auc=0.9749
cnn_attention final: epoch 29/38 start
cnn_attention final: epoch 29/38 done in 168.8s loss=0.2494 auc=0.9704
cnn_attention final: epoch 30/38 start
cnn_attention final: epoch 30/38 done in 169.6s loss=0.3020 auc=0.9561
cnn_attention final: epoch 31/38 start
cnn_attention final: epoch 31/38 done in 169.0s loss=0.2261 auc=0.9746
cnn_attention final: epoch 32/38 start
cnn_attention final: epoch 32/38 done in 168.7s loss=0.2268 auc=0.9726
cnn_attention final: epoch 33/38 start
cnn_attention final: epoch 33/38 done in 168.7s loss=0.2301 auc=0.9729
cnn_attention final: epoch 34/38 start
cnn_attention final: epoch 34/38 done in 168.8s loss=0.2561 auc=0.9693
cnn_attention final: epoch 35/38 start
cnn_attention final: epoch 35/38 done in 169.3s loss=0.2361 auc=0.9739
cnn_attention final: epoch 36/38 start
cnn_attention final: epoch 36/38 done in 168.8s loss=0.2143 auc=0.9771
cnn_attention final: epoch 37/38 start
cnn_attention final: epoch 37/38 done in 168.8s loss=0.2676 auc=0.9665
cnn_attention final: epoch 38/38 start
cnn_attention final: epoch 38/38 done in 168.8s loss=0.1930 auc=0.9822
[INFO] focus_binary.focus_binary.scripts.multiseed_eval: seed complete
[INFO] focus_binary.focus_binary.scripts.multiseed_eval: multi-seed evaluation complete
