$ D:\Dineth\myenv\Scripts\python.exe -u D:\Dineth\focus_binary_benchmark\focus_binary_benchmark\scripts\multiseed_eval.py --family cnn_attention --manifest D:\Dineth\focus_binary_benchmark\focus_binary_benchmark\revision_outputs\multiseed\leakage_safe_manifest.csv --runs-dir runs --out-dir D:\Dineth\focus_binary_benchmark\focus_binary_benchmark\revision_outputs\multiseed\training_outputs --seeds 55 --leakage-check stack_sha1

2026-05-22 14:19:50.129786: I tensorflow/core/util/port.cc:153] oneDNN custom operations are on. You may see slightly different numerical results due to floating-point round-off errors from different computation orders. To turn them off, set the environment variable `TF_ENABLE_ONEDNN_OPTS=0`.
2026-05-22 14:20:02.108646: I tensorflow/core/util/port.cc:153] oneDNN custom operations are on. You may see slightly different numerical results due to floating-point round-off errors from different computation orders. To turn them off, set the environment variable `TF_ENABLE_ONEDNN_OPTS=0`.
2026-05-22 14:20:15.643693: I tensorflow/core/platform/cpu_feature_guard.cc:210] This TensorFlow binary is optimized to use available CPU instructions in performance-critical operations.
To enable the following instructions: SSE3 SSE4.1 SSE4.2 AVX AVX2 FMA, in other operations, rebuild TensorFlow with the appropriate compiler flags.
Running leakage check (stack_sha1) on D:\Dineth\focus_binary_benchmark\focus_binary_benchmark\revision_outputs\multiseed\leakage_safe_manifest.csv
  sha1: checking 4969 files
  sha1: checked 1/4969
  sha1: checked 250/4969
  sha1: checked 500/4969
  sha1: checked 750/4969
  sha1: checked 1000/4969
  sha1: checked 1250/4969
  sha1: checked 1500/4969
  sha1: checked 1750/4969
  sha1: checked 2000/4969
  sha1: checked 2250/4969
  sha1: checked 2500/4969
  sha1: checked 2750/4969
  sha1: checked 3000/4969
  sha1: checked 3250/4969
  sha1: checked 3500/4969
  sha1: checked 3750/4969
  sha1: checked 4000/4969
  sha1: checked 4250/4969
  sha1: checked 4500/4969
  sha1: checked 4750/4969
  sha1: checked 4969/4969
Leakage audit summary:
  stack_id overlaps: 0
  sha1 duplicates: 0
  phash duplicates: 0
Class balance per dataset/split:
  TBSI split=test label=0 count=35 ratio=0.875
  TBSI split=test label=1 count=5 ratio=0.125
  TBSI split=train label=0 count=147 ratio=0.875
  TBSI split=train label=1 count=21 ratio=0.125
  TBSI split=val label=0 count=28 ratio=0.875
  TBSI split=val label=1 count=4 ratio=0.125
  bma split=test label=0 count=55 ratio=0.917
  bma split=test label=1 count=5 ratio=0.083
  bma split=train label=0 count=297 ratio=0.917
  bma split=train label=1 count=27 ratio=0.083
  bma split=val label=0 count=66 ratio=0.917
  bma split=val label=1 count=6 ratio=0.083
  pbs_imgs split=test label=0 count=114 ratio=0.912
  pbs_imgs split=test label=1 count=11 ratio=0.088
  pbs_imgs split=train label=0 count=570 ratio=0.913
  pbs_imgs split=train label=1 count=54 ratio=0.087
  pbs_imgs split=val label=0 count=120 ratio=0.909
  pbs_imgs split=val label=1 count=12 ratio=0.091
  tbf_imgs split=test label=0 count=297 ratio=0.917
  tbf_imgs split=test label=1 count=27 ratio=0.083
  tbf_imgs split=train label=0 count=1353 ratio=0.917
  tbf_imgs split=train label=1 count=123 ratio=0.083
  tbf_imgs split=val label=0 count=352 ratio=0.917
  tbf_imgs split=val label=1 count=32 ratio=0.083
  wbc split=test label=0 count=154 ratio=0.875
  wbc split=test label=1 count=22 ratio=0.125
  wbc split=train label=0 count=742 ratio=0.875
  wbc split=train label=1 count=106 ratio=0.125
  wbc split=val label=0 count=161 ratio=0.875
  wbc split=val label=1 count=23 ratio=0.125
[WARNING] focus_binary.focus_binary.data.balance: Extreme class imbalance detected
[WARNING] focus_binary.focus_binary.data.balance: Extreme class imbalance detected
[WARNING] focus_binary.focus_binary.data.balance: Extreme class imbalance detected
[WARNING] focus_binary.focus_binary.data.balance: Extreme class imbalance detected
[WARNING] focus_binary.focus_binary.data.balance: Extreme class imbalance detected
[WARNING] focus_binary.focus_binary.data.balance: Extreme class imbalance detected
[WARNING] focus_binary.focus_binary.data.balance: Extreme class imbalance detected
[WARNING] focus_binary.focus_binary.data.balance: Extreme class imbalance detected
[WARNING] focus_binary.focus_binary.data.balance: Extreme class imbalance detected
[WARNING] focus_binary.focus_binary.data.balance: Extreme class imbalance detected
[WARNING] focus_binary.focus_binary.data.balance: Extreme class imbalance detected
[WARNING] focus_binary.focus_binary.data.balance: Extreme class imbalance detected
[WARNING] focus_binary.focus_binary.data.balance: Extreme class imbalance detected
[WARNING] focus_binary.focus_binary.data.balance: Extreme class imbalance detected
[WARNING] focus_binary.focus_binary.data.balance: Extreme class imbalance detected
[WARNING] focus_binary.focus_binary.data.balance: Extreme class imbalance detected
[WARNING] focus_binary.focus_binary.data.balance: Extreme class imbalance detected
[WARNING] focus_binary.focus_binary.data.balance: Extreme class imbalance detected
[WARNING] focus_binary.focus_binary.data.balance: Extreme class imbalance detected
[WARNING] focus_binary.focus_binary.data.balance: Extreme class imbalance detected
[WARNING] focus_binary.focus_binary.data.balance: Extreme class imbalance detected
[WARNING] focus_binary.focus_binary.data.balance: Extreme class imbalance detected
[WARNING] focus_binary.focus_binary.data.balance: Extreme class imbalance detected
[WARNING] focus_binary.focus_binary.data.balance: Extreme class imbalance detected
[WARNING] focus_binary.focus_binary.data.balance: Extreme class imbalance detected
[WARNING] focus_binary.focus_binary.data.balance: Extreme class imbalance detected
[WARNING] focus_binary.focus_binary.data.balance: Extreme class imbalance detected
[WARNING] focus_binary.focus_binary.data.balance: Extreme class imbalance detected
[WARNING] focus_binary.focus_binary.data.balance: Extreme class imbalance detected
[WARNING] focus_binary.focus_binary.data.balance: Extreme class imbalance detected
Starting multiseed job: family=cnn_attention seed=55
cnn_attention phase-a: epoch 1/50 start
2026-05-22 14:24:40.732277: I external/local_xla/xla/service/service.cc:163] XLA service 0x20e6bd032a0 initialized for platform Host (this does not guarantee that XLA will be used). Devices:
2026-05-22 14:24:40.732909: I external/local_xla/xla/service/service.cc:171]   StreamExecutor device (0): Host, Default Version
WARNING: All log messages before absl::InitializeLog() is called are written to STDERR
I0000 00:00:1779440122.847003   13988 device_compiler.h:196] Compiled cluster using XLA!  This line is logged at most once for the lifetime of the process.
cnn_attention phase-a: epoch 1/50 done in 410.5s loss=0.6794 auc=0.6995 val_loss=0.4200 val_auc=0.4534
cnn_attention phase-a: epoch 2/50 start
cnn_attention phase-a: epoch 2/50 done in 144.9s loss=0.6094 auc=0.7645 val_loss=0.4372 val_auc=0.4657
cnn_attention phase-a: epoch 3/50 start
cnn_attention phase-a: epoch 3/50 done in 144.9s loss=0.5784 auc=0.7894 val_loss=0.4781 val_auc=0.4831
cnn_attention phase-a: epoch 4/50 start
cnn_attention phase-a: epoch 4/50 done in 144.3s loss=0.5638 auc=0.8048 val_loss=0.5222 val_auc=0.4682
cnn_attention phase-a: epoch 5/50 start
cnn_attention phase-a: epoch 5/50 done in 144.8s loss=0.5482 auc=0.8192 val_loss=0.5967 val_auc=0.5269
cnn_attention phase-a: epoch 6/50 start
cnn_attention phase-a: epoch 6/50 done in 143.6s loss=0.5354 auc=0.8205 val_loss=0.4803 val_auc=0.6107
cnn_attention phase-a: epoch 7/50 start
cnn_attention phase-a: epoch 7/50 done in 143.0s loss=0.5235 auc=0.8287 val_loss=0.4692 val_auc=0.7191
cnn_attention phase-a: epoch 8/50 start
cnn_attention phase-a: epoch 8/50 done in 143.9s loss=0.5269 auc=0.8276 val_loss=0.6012 val_auc=0.8642
cnn_attention phase-a: epoch 9/50 start
cnn_attention phase-a: epoch 9/50 done in 142.7s loss=0.5089 auc=0.8381 val_loss=0.4162 val_auc=0.7261
cnn_attention phase-a: epoch 10/50 start
cnn_attention phase-a: epoch 10/50 done in 142.7s loss=0.5054 auc=0.8386 val_loss=0.4878 val_auc=0.7169
cnn_attention phase-a: epoch 11/50 start
cnn_attention phase-a: epoch 11/50 done in 142.1s loss=0.4962 auc=0.8492 val_loss=0.5482 val_auc=0.6177
cnn_attention phase-a: epoch 12/50 start
cnn_attention phase-a: epoch 12/50 done in 143.0s loss=0.4915 auc=0.8494 val_loss=0.6749 val_auc=0.5979
cnn_attention phase-a: epoch 13/50 start
cnn_attention phase-a: epoch 13/50 done in 147.9s loss=0.4861 auc=0.8532 val_loss=0.5730 val_auc=0.6064
cnn_attention phase-a: epoch 14/50 start
cnn_attention phase-a: epoch 14/50 done in 144.6s loss=0.4754 auc=0.8596 val_loss=0.5355 val_auc=0.5909
cnn_attention phase-a: epoch 15/50 start
cnn_attention phase-a: epoch 15/50 done in 143.0s loss=0.4838 auc=0.8550 val_loss=0.6783 val_auc=0.6113
cnn_attention phase-a: epoch 16/50 start
cnn_attention phase-a: epoch 16/50 done in 142.3s loss=0.4687 auc=0.8638 val_loss=0.7738 val_auc=0.5676
cnn_attention phase-a: epoch 17/50 start
cnn_attention phase-a: epoch 17/50 done in 141.6s loss=0.4677 auc=0.8662 val_loss=0.7984 val_auc=0.5523
cnn_attention phase-a: epoch 18/50 start
cnn_attention phase-a: epoch 18/50 done in 142.7s loss=0.4633 auc=0.8689 val_loss=0.7360 val_auc=0.5715
cnn_attention phase-a: epoch 19/50 start
cnn_attention phase-a: epoch 19/50 done in 142.0s loss=0.4639 auc=0.8696 val_loss=0.9521 val_auc=0.5498
cnn_attention phase-a: epoch 20/50 start
cnn_attention phase-a: epoch 20/50 done in 142.7s loss=0.4585 auc=0.8719 val_loss=0.8327 val_auc=0.5536
cnn_attention phase-a: epoch 21/50 start
cnn_attention phase-a: epoch 21/50 done in 142.8s loss=0.4551 auc=0.8737 val_loss=0.7680 val_auc=0.5501
cnn_attention phase-a: epoch 22/50 start
cnn_attention phase-a: epoch 22/50 done in 142.9s loss=0.4524 auc=0.8815 val_loss=0.7793 val_auc=0.5547
cnn_attention phase-a: epoch 23/50 start
cnn_attention phase-a: epoch 23/50 done in 142.1s loss=0.4373 auc=0.8856 val_loss=0.7110 val_auc=0.6208
cnn_attention phase-a: epoch 24/50 start
cnn_attention phase-a: epoch 24/50 done in 142.2s loss=0.4431 auc=0.8853 val_loss=0.8322 val_auc=0.5865
cnn_attention phase-a: epoch 25/50 start
cnn_attention phase-a: epoch 25/50 done in 142.0s loss=0.4351 auc=0.8890 val_loss=0.7282 val_auc=0.6083
cnn_attention phase-a: epoch 26/50 start
cnn_attention phase-a: epoch 26/50 done in 141.9s loss=0.4289 auc=0.8956 val_loss=0.8459 val_auc=0.5675
cnn_attention phase-a: epoch 27/50 start
cnn_attention phase-a: epoch 27/50 done in 143.0s loss=0.4269 auc=0.9000 val_loss=1.0116 val_auc=0.5580
cnn_attention phase-a: epoch 28/50 start
cnn_attention phase-a: epoch 28/50 done in 142.6s loss=0.4183 auc=0.9033 val_loss=0.8840 val_auc=0.6048
cnn_attention phase-a: epoch 29/50 start
cnn_attention phase-a: epoch 29/50 done in 143.1s loss=0.4016 auc=0.9166 val_loss=0.5733 val_auc=0.6588
cnn_attention phase-a: epoch 30/50 start
cnn_attention phase-a: epoch 30/50 done in 142.7s loss=0.3823 auc=0.9264 val_loss=0.7517 val_auc=0.6321
cnn_attention phase-a: epoch 31/50 start
cnn_attention phase-a: epoch 31/50 done in 142.7s loss=0.3737 auc=0.9315 val_loss=0.9094 val_auc=0.6175
cnn_attention phase-a: epoch 32/50 start
cnn_attention phase-a: epoch 32/50 done in 142.8s loss=0.3491 auc=0.9404 val_loss=0.8505 val_auc=0.6347
cnn_attention phase-a: epoch 33/50 start
cnn_attention phase-a: epoch 33/50 done in 143.3s loss=0.3417 auc=0.9447 val_loss=0.3251 val_auc=0.8924
cnn_attention phase-a: epoch 34/50 start
cnn_attention phase-a: epoch 34/50 done in 142.4s loss=0.3193 auc=0.9525 val_loss=0.4194 val_auc=0.7367
cnn_attention phase-a: epoch 35/50 start
cnn_attention phase-a: epoch 35/50 done in 143.1s loss=0.2980 auc=0.9594 val_loss=0.8634 val_auc=0.7372
cnn_attention phase-a: epoch 36/50 start
cnn_attention phase-a: epoch 36/50 done in 146.5s loss=0.2996 auc=0.9583 val_loss=0.5708 val_auc=0.7030
cnn_attention phase-a: epoch 37/50 start
cnn_attention phase-a: epoch 37/50 done in 147.8s loss=0.2817 auc=0.9633 val_loss=0.6254 val_auc=0.7702
cnn_attention phase-a: epoch 38/50 start
cnn_attention phase-a: epoch 38/50 done in 143.1s loss=0.2595 auc=0.9692 val_loss=0.5683 val_auc=0.7422
cnn_attention phase-a: epoch 39/50 start
cnn_attention phase-a: epoch 39/50 done in 143.7s loss=0.2555 auc=0.9707 val_loss=0.8945 val_auc=0.6999
cnn_attention phase-a: epoch 40/50 start
cnn_attention phase-a: epoch 40/50 done in 143.3s loss=0.2560 auc=0.9700 val_loss=0.8380 val_auc=0.7599
cnn_attention phase-a: epoch 41/50 start
cnn_attention phase-a: epoch 41/50 done in 141.9s loss=0.2744 auc=0.9668 val_loss=0.3050 val_auc=0.8227
cnn_attention phase-a: epoch 42/50 start
cnn_attention phase-a: epoch 42/50 done in 142.1s loss=0.2325 auc=0.9753 val_loss=0.8936 val_auc=0.7378
cnn_attention phase-a: epoch 43/50 start
cnn_attention phase-a: epoch 43/50 done in 141.7s loss=0.2378 auc=0.9743 val_loss=1.1093 val_auc=0.6399
cnn_attention phase-a: epoch 44/50 start
cnn_attention phase-a: epoch 44/50 done in 142.0s loss=0.2263 auc=0.9780 val_loss=0.7779 val_auc=0.6417
cnn_attention phase-a: epoch 45/50 start
cnn_attention phase-a: epoch 45/50 done in 142.1s loss=0.2293 auc=0.9761 val_loss=0.6292 val_auc=0.7525
cnn_attention phase-a: epoch 46/50 start
cnn_attention phase-a: epoch 46/50 done in 142.7s loss=0.2300 auc=0.9767 val_loss=1.0452 val_auc=0.7210
cnn_attention phase-a: epoch 47/50 start
cnn_attention phase-a: epoch 47/50 done in 142.3s loss=0.2220 auc=0.9791 val_loss=0.7938 val_auc=0.7659
cnn_attention phase-a: epoch 48/50 start
cnn_attention phase-a: epoch 48/50 done in 142.7s loss=0.2090 auc=0.9804 val_loss=0.7295 val_auc=0.6727
cnn_attention phase-a: epoch 49/50 start
cnn_attention phase-a: epoch 49/50 done in 142.0s loss=0.2194 auc=0.9796 val_loss=0.2954 val_auc=0.9403
cnn_attention phase-a: epoch 50/50 start
cnn_attention phase-a: epoch 50/50 done in 141.6s loss=0.1974 auc=0.9834 val_loss=0.5649 val_auc=0.7013
cnn_attention final: epoch 1/49 start
cnn_attention final: epoch 1/49 done in 488.6s loss=0.6752 auc=0.7063
cnn_attention final: epoch 2/49 start
cnn_attention final: epoch 2/49 done in 175.4s loss=0.6091 auc=0.7676
cnn_attention final: epoch 3/49 start
cnn_attention final: epoch 3/49 done in 174.7s loss=0.5905 auc=0.7792
cnn_attention final: epoch 4/49 start
cnn_attention final: epoch 4/49 done in 171.1s loss=0.5639 auc=0.8006
cnn_attention final: epoch 5/49 start
cnn_attention final: epoch 5/49 done in 172.4s loss=0.5486 auc=0.8173
cnn_attention final: epoch 6/49 start
cnn_attention final: epoch 6/49 done in 170.9s loss=0.5353 auc=0.8308
cnn_attention final: epoch 7/49 start
cnn_attention final: epoch 7/49 done in 171.8s loss=0.5190 auc=0.8455
cnn_attention final: epoch 8/49 start
cnn_attention final: epoch 8/49 done in 171.0s loss=0.5005 auc=0.8578
cnn_attention final: epoch 9/49 start
cnn_attention final: epoch 9/49 done in 172.8s loss=0.4885 auc=0.8670
cnn_attention final: epoch 10/49 start
cnn_attention final: epoch 10/49 done in 169.7s loss=0.4673 auc=0.8837
cnn_attention final: epoch 11/49 start
cnn_attention final: epoch 11/49 done in 170.6s loss=0.4592 auc=0.8888
cnn_attention final: epoch 12/49 start
cnn_attention final: epoch 12/49 done in 168.5s loss=0.4920 auc=0.8665
cnn_attention final: epoch 13/49 start
cnn_attention final: epoch 13/49 done in 169.7s loss=0.4012 auc=0.9208
cnn_attention final: epoch 14/49 start
cnn_attention final: epoch 14/49 done in 168.0s loss=0.4455 auc=0.8965
cnn_attention final: epoch 15/49 start
cnn_attention final: epoch 15/49 done in 168.9s loss=0.3801 auc=0.9285
cnn_attention final: epoch 16/49 start
cnn_attention final: epoch 16/49 done in 169.9s loss=0.3525 auc=0.9386
cnn_attention final: epoch 17/49 start
cnn_attention final: epoch 17/49 done in 168.5s loss=0.3807 auc=0.9273
cnn_attention final: epoch 18/49 start
cnn_attention final: epoch 18/49 done in 170.4s loss=0.4208 auc=0.9100
cnn_attention final: epoch 19/49 start
cnn_attention final: epoch 19/49 done in 168.8s loss=0.3640 auc=0.9346
cnn_attention final: epoch 20/49 start
cnn_attention final: epoch 20/49 done in 170.6s loss=0.3540 auc=0.9387
cnn_attention final: epoch 21/49 start
cnn_attention final: epoch 21/49 done in 170.7s loss=0.3559 auc=0.9382
cnn_attention final: epoch 22/49 start
cnn_attention final: epoch 22/49 done in 170.4s loss=0.3341 auc=0.9463
cnn_attention final: epoch 23/49 start
cnn_attention final: epoch 23/49 done in 171.0s loss=0.3003 auc=0.9560
cnn_attention final: epoch 24/49 start
cnn_attention final: epoch 24/49 done in 170.2s loss=0.3005 auc=0.9562
cnn_attention final: epoch 25/49 start
cnn_attention final: epoch 25/49 done in 169.0s loss=0.2782 auc=0.9622
cnn_attention final: epoch 26/49 start
cnn_attention final: epoch 26/49 done in 169.1s loss=0.2899 auc=0.9594
cnn_attention final: epoch 27/49 start
cnn_attention final: epoch 27/49 done in 168.6s loss=0.2512 auc=0.9690
cnn_attention final: epoch 28/49 start
cnn_attention final: epoch 28/49 done in 169.9s loss=0.2675 auc=0.9662
cnn_attention final: epoch 29/49 start
cnn_attention final: epoch 29/49 done in 171.1s loss=0.2529 auc=0.9705
cnn_attention final: epoch 30/49 start
cnn_attention final: epoch 30/49 done in 171.1s loss=0.2667 auc=0.9675
cnn_attention final: epoch 31/49 start
cnn_attention final: epoch 31/49 done in 169.7s loss=0.2371 auc=0.9742
cnn_attention final: epoch 32/49 start
cnn_attention final: epoch 32/49 done in 169.4s loss=0.2409 auc=0.9721
cnn_attention final: epoch 33/49 start
cnn_attention final: epoch 33/49 done in 169.4s loss=0.2710 auc=0.9656
cnn_attention final: epoch 34/49 start
cnn_attention final: epoch 34/49 done in 169.9s loss=0.2798 auc=0.9633
cnn_attention final: epoch 35/49 start
cnn_attention final: epoch 35/49 done in 168.2s loss=0.2457 auc=0.9730
cnn_attention final: epoch 36/49 start
cnn_attention final: epoch 36/49 done in 168.2s loss=0.2610 auc=0.9687
cnn_attention final: epoch 37/49 start
cnn_attention final: epoch 37/49 done in 169.2s loss=0.2362 auc=0.9747
cnn_attention final: epoch 38/49 start
cnn_attention final: epoch 38/49 done in 170.8s loss=0.2317 auc=0.9750
cnn_attention final: epoch 39/49 start
cnn_attention final: epoch 39/49 done in 168.1s loss=0.2264 auc=0.9775
cnn_attention final: epoch 40/49 start
cnn_attention final: epoch 40/49 done in 168.5s loss=0.2549 auc=0.9714
cnn_attention final: epoch 41/49 start
cnn_attention final: epoch 41/49 done in 169.6s loss=0.2044 auc=0.9820
cnn_attention final: epoch 42/49 start
cnn_attention final: epoch 42/49 done in 171.6s loss=0.2279 auc=0.9776
cnn_attention final: epoch 43/49 start
cnn_attention final: epoch 43/49 done in 170.7s loss=0.2023 auc=0.9820
cnn_attention final: epoch 44/49 start
cnn_attention final: epoch 44/49 done in 169.3s loss=0.2175 auc=0.9797
cnn_attention final: epoch 45/49 start
cnn_attention final: epoch 45/49 done in 171.5s loss=0.1911 auc=0.9843
cnn_attention final: epoch 46/49 start
cnn_attention final: epoch 46/49 done in 170.1s loss=0.1957 auc=0.9827
cnn_attention final: epoch 47/49 start
cnn_attention final: epoch 47/49 done in 168.5s loss=0.1999 auc=0.9831
cnn_attention final: epoch 48/49 start
cnn_attention final: epoch 48/49 done in 169.7s loss=0.1941 auc=0.9843
cnn_attention final: epoch 49/49 start
cnn_attention final: epoch 49/49 done in 170.5s loss=0.1888 auc=0.9851
[INFO] focus_binary.focus_binary.scripts.multiseed_eval: seed complete
[INFO] focus_binary.focus_binary.scripts.multiseed_eval: multi-seed evaluation complete
