$ D:\Dineth\myenv\Scripts\python.exe -u D:\Dineth\focus_binary_benchmark\focus_binary_benchmark\scripts\multiseed_eval.py --family hybrid_vit --manifest D:\Dineth\focus_binary_benchmark\focus_binary_benchmark\revision_outputs\multiseed\leakage_safe_manifest.csv --runs-dir runs --out-dir D:\Dineth\focus_binary_benchmark\focus_binary_benchmark\revision_outputs\multiseed\training_outputs --seeds 11 --leakage-check stack_sha1

2026-05-23 00:36:11.194322: I tensorflow/core/util/port.cc:153] oneDNN custom operations are on. You may see slightly different numerical results due to floating-point round-off errors from different computation orders. To turn them off, set the environment variable `TF_ENABLE_ONEDNN_OPTS=0`.
2026-05-23 00:36:18.332311: I tensorflow/core/util/port.cc:153] oneDNN custom operations are on. You may see slightly different numerical results due to floating-point round-off errors from different computation orders. To turn them off, set the environment variable `TF_ENABLE_ONEDNN_OPTS=0`.
2026-05-23 00:36:24.933640: I tensorflow/core/platform/cpu_feature_guard.cc:210] This TensorFlow binary is optimized to use available CPU instructions in performance-critical operations.
To enable the following instructions: SSE3 SSE4.1 SSE4.2 AVX AVX2 FMA, in other operations, rebuild TensorFlow with the appropriate compiler flags.
Running leakage check (stack_sha1) on D:\Dineth\focus_binary_benchmark\focus_binary_benchmark\revision_outputs\multiseed\leakage_safe_manifest.csv
  sha1: checking 4969 files
  sha1: checked 1/4969
  sha1: checked 250/4969
  sha1: checked 500/4969
  sha1: checked 750/4969
  sha1: checked 1000/4969
  sha1: checked 1250/4969
  sha1: checked 1500/4969
  sha1: checked 1750/4969
  sha1: checked 2000/4969
  sha1: checked 2250/4969
  sha1: checked 2500/4969
  sha1: checked 2750/4969
  sha1: checked 3000/4969
  sha1: checked 3250/4969
  sha1: checked 3500/4969
  sha1: checked 3750/4969
  sha1: checked 4000/4969
  sha1: checked 4250/4969
  sha1: checked 4500/4969
  sha1: checked 4750/4969
  sha1: checked 4969/4969
Leakage audit summary:
  stack_id overlaps: 0
  sha1 duplicates: 0
  phash duplicates: 0
Class balance per dataset/split:
  TBSI split=test label=0 count=35 ratio=0.875
  TBSI split=test label=1 count=5 ratio=0.125
  TBSI split=train label=0 count=147 ratio=0.875
  TBSI split=train label=1 count=21 ratio=0.125
  TBSI split=val label=0 count=28 ratio=0.875
  TBSI split=val label=1 count=4 ratio=0.125
  bma split=test label=0 count=55 ratio=0.917
  bma split=test label=1 count=5 ratio=0.083
  bma split=train label=0 count=297 ratio=0.917
  bma split=train label=1 count=27 ratio=0.083
  bma split=val label=0 count=66 ratio=0.917
  bma split=val label=1 count=6 ratio=0.083
  pbs_imgs split=test label=0 count=114 ratio=0.912
  pbs_imgs split=test label=1 count=11 ratio=0.088
  pbs_imgs split=train label=0 count=570 ratio=0.913
  pbs_imgs split=train label=1 count=54 ratio=0.087
  pbs_imgs split=val label=0 count=120 ratio=0.909
  pbs_imgs split=val label=1 count=12 ratio=0.091
  tbf_imgs split=test label=0 count=297 ratio=0.917
  tbf_imgs split=test label=1 count=27 ratio=0.083
  tbf_imgs split=train label=0 count=1353 ratio=0.917
  tbf_imgs split=train label=1 count=123 ratio=0.083
  tbf_imgs split=val label=0 count=352 ratio=0.917
  tbf_imgs split=val label=1 count=32 ratio=0.083
  wbc split=test label=0 count=154 ratio=0.875
  wbc split=test label=1 count=22 ratio=0.125
  wbc split=train label=0 count=742 ratio=0.875
  wbc split=train label=1 count=106 ratio=0.125
  wbc split=val label=0 count=161 ratio=0.875
  wbc split=val label=1 count=23 ratio=0.125
[WARNING] focus_binary.focus_binary.data.balance: Extreme class imbalance detected
[WARNING] focus_binary.focus_binary.data.balance: Extreme class imbalance detected
[WARNING] focus_binary.focus_binary.data.balance: Extreme class imbalance detected
[WARNING] focus_binary.focus_binary.data.balance: Extreme class imbalance detected
[WARNING] focus_binary.focus_binary.data.balance: Extreme class imbalance detected
[WARNING] focus_binary.focus_binary.data.balance: Extreme class imbalance detected
[WARNING] focus_binary.focus_binary.data.balance: Extreme class imbalance detected
[WARNING] focus_binary.focus_binary.data.balance: Extreme class imbalance detected
[WARNING] focus_binary.focus_binary.data.balance: Extreme class imbalance detected
[WARNING] focus_binary.focus_binary.data.balance: Extreme class imbalance detected
[WARNING] focus_binary.focus_binary.data.balance: Extreme class imbalance detected
[WARNING] focus_binary.focus_binary.data.balance: Extreme class imbalance detected
[WARNING] focus_binary.focus_binary.data.balance: Extreme class imbalance detected
[WARNING] focus_binary.focus_binary.data.balance: Extreme class imbalance detected
[WARNING] focus_binary.focus_binary.data.balance: Extreme class imbalance detected
[WARNING] focus_binary.focus_binary.data.balance: Extreme class imbalance detected
[WARNING] focus_binary.focus_binary.data.balance: Extreme class imbalance detected
[WARNING] focus_binary.focus_binary.data.balance: Extreme class imbalance detected
[WARNING] focus_binary.focus_binary.data.balance: Extreme class imbalance detected
[WARNING] focus_binary.focus_binary.data.balance: Extreme class imbalance detected
[WARNING] focus_binary.focus_binary.data.balance: Extreme class imbalance detected
[WARNING] focus_binary.focus_binary.data.balance: Extreme class imbalance detected
[WARNING] focus_binary.focus_binary.data.balance: Extreme class imbalance detected
[WARNING] focus_binary.focus_binary.data.balance: Extreme class imbalance detected
[WARNING] focus_binary.focus_binary.data.balance: Extreme class imbalance detected
[WARNING] focus_binary.focus_binary.data.balance: Extreme class imbalance detected
[WARNING] focus_binary.focus_binary.data.balance: Extreme class imbalance detected
[WARNING] focus_binary.focus_binary.data.balance: Extreme class imbalance detected
[WARNING] focus_binary.focus_binary.data.balance: Extreme class imbalance detected
[WARNING] focus_binary.focus_binary.data.balance: Extreme class imbalance detected
Starting multiseed job: family=hybrid_vit seed=11
hybrid_vit phase-a: epoch 1/30 start
2026-05-23 00:40:51.915792: I external/local_xla/xla/service/service.cc:163] XLA service 0x1e8adc527f0 initialized for platform Host (this does not guarantee that XLA will be used). Devices:
2026-05-23 00:40:52.069885: I external/local_xla/xla/service/service.cc:171]   StreamExecutor device (0): Host, Default Version
WARNING: All log messages before absl::InitializeLog() is called are written to STDERR
I0000 00:00:1779477089.967928     604 device_compiler.h:196] Compiled cluster using XLA!  This line is logged at most once for the lifetime of the process.
hybrid_vit phase-a: epoch 1/30 done in 404.6s loss=0.5838 auc=0.7538 val_loss=0.5297 val_auc=0.8967
hybrid_vit phase-a: epoch 2/30 start
hybrid_vit phase-a: epoch 2/30 done in 39.0s loss=0.4370 auc=0.8905 val_loss=0.3892 val_auc=0.9245
hybrid_vit phase-a: epoch 3/30 start
hybrid_vit phase-a: epoch 3/30 done in 39.3s loss=0.3768 auc=0.9162 val_loss=0.3504 val_auc=0.9399
hybrid_vit phase-a: epoch 4/30 start
hybrid_vit phase-a: epoch 4/30 done in 39.3s loss=0.3305 auc=0.9349 val_loss=0.3262 val_auc=0.9496
hybrid_vit phase-a: epoch 5/30 start
hybrid_vit phase-a: epoch 5/30 done in 39.4s loss=0.3012 auc=0.9451 val_loss=0.2992 val_auc=0.9552
hybrid_vit phase-a: epoch 6/30 start
hybrid_vit phase-a: epoch 6/30 done in 39.3s loss=0.2732 auc=0.9551 val_loss=0.2921 val_auc=0.9582
hybrid_vit phase-a: epoch 7/30 start
hybrid_vit phase-a: epoch 7/30 done in 39.3s loss=0.2606 auc=0.9585 val_loss=0.3083 val_auc=0.9607
hybrid_vit phase-a: epoch 8/30 start
hybrid_vit phase-a: epoch 8/30 done in 39.8s loss=0.2449 auc=0.9631 val_loss=0.3026 val_auc=0.9612
hybrid_vit phase-a: epoch 9/30 start
hybrid_vit phase-a: epoch 9/30 done in 39.2s loss=0.2297 auc=0.9673 val_loss=0.2959 val_auc=0.9624
hybrid_vit phase-a: epoch 10/30 start
hybrid_vit phase-a: epoch 10/30 done in 39.3s loss=0.2203 auc=0.9696 val_loss=0.3069 val_auc=0.9632
hybrid_vit phase-a: epoch 11/30 start
hybrid_vit phase-a: epoch 11/30 done in 39.3s loss=0.2102 auc=0.9721 val_loss=0.3090 val_auc=0.9631
hybrid_vit phase-a: epoch 12/30 start
hybrid_vit phase-a: epoch 12/30 done in 39.2s loss=0.1973 auc=0.9752 val_loss=0.3132 val_auc=0.9635
hybrid_vit phase-a: epoch 13/30 start
hybrid_vit phase-a: epoch 13/30 done in 39.2s loss=0.1931 auc=0.9760 val_loss=0.3250 val_auc=0.9633
hybrid_vit phase-a: epoch 14/30 start
hybrid_vit phase-a: epoch 14/30 done in 39.3s loss=0.1839 auc=0.9780 val_loss=0.3278 val_auc=0.9636
hybrid_vit phase-a: epoch 15/30 start
hybrid_vit phase-a: epoch 15/30 done in 39.3s loss=0.1725 auc=0.9803 val_loss=0.3156 val_auc=0.9633
hybrid_vit phase-a: epoch 16/30 start
hybrid_vit phase-a: epoch 16/30 done in 39.2s loss=0.1635 auc=0.9820 val_loss=0.3285 val_auc=0.9636
hybrid_vit phase-a: epoch 17/30 start
hybrid_vit phase-a: epoch 17/30 done in 39.3s loss=0.1593 auc=0.9828 val_loss=0.3227 val_auc=0.9628
hybrid_vit phase-a: epoch 18/30 start
hybrid_vit phase-a: epoch 18/30 done in 39.4s loss=0.1494 auc=0.9846 val_loss=0.3231 val_auc=0.9626
hybrid_vit phase-a: epoch 19/30 start
hybrid_vit phase-a: epoch 19/30 done in 39.5s loss=0.1417 auc=0.9857 val_loss=0.3345 val_auc=0.9628
hybrid_vit phase-a: epoch 20/30 start
hybrid_vit phase-a: epoch 20/30 done in 39.3s loss=0.1360 auc=0.9868 val_loss=0.3233 val_auc=0.9623
hybrid_vit phase-a: epoch 21/30 start
hybrid_vit phase-a: epoch 21/30 done in 39.3s loss=0.1349 auc=0.9868 val_loss=0.3535 val_auc=0.9597
hybrid_vit phase-a: epoch 22/30 start
hybrid_vit phase-a: epoch 22/30 done in 39.5s loss=0.1304 auc=0.9873 val_loss=0.3286 val_auc=0.9610
hybrid_vit phase-a: epoch 23/30 start
hybrid_vit phase-a: epoch 23/30 done in 39.3s loss=0.1141 auc=0.9897 val_loss=0.3217 val_auc=0.9588
hybrid_vit phase-a: epoch 24/30 start
hybrid_vit phase-a: epoch 24/30 done in 39.4s loss=0.1037 auc=0.9912 val_loss=0.3088 val_auc=0.9594
hybrid_vit phase-a: epoch 25/30 start
hybrid_vit phase-a: epoch 25/30 done in 39.3s loss=0.1045 auc=0.9909 val_loss=0.3383 val_auc=0.9533
hybrid_vit phase-a: epoch 26/30 start
hybrid_vit phase-a: epoch 26/30 done in 39.3s loss=0.1030 auc=0.9909 val_loss=0.3604 val_auc=0.9479
hybrid_vit phase-a: epoch 27/30 start
hybrid_vit phase-a: epoch 27/30 done in 39.4s loss=0.0934 auc=0.9925 val_loss=0.3413 val_auc=0.9481
hybrid_vit phase-a: epoch 28/30 start
hybrid_vit phase-a: epoch 28/30 done in 39.0s loss=0.0824 auc=0.9938 val_loss=0.3184 val_auc=0.9478
hybrid_vit phase-a: epoch 29/30 start
hybrid_vit phase-a: epoch 29/30 done in 39.0s loss=0.0901 auc=0.9924 val_loss=0.3604 val_auc=0.9451
hybrid_vit phase-a: epoch 30/30 start
hybrid_vit phase-a: epoch 30/30 done in 39.0s loss=0.0865 auc=0.9927 val_loss=0.4583 val_auc=0.9435
hybrid_vit final: epoch 1/14 start
hybrid_vit final: epoch 1/14 done in 409.9s loss=0.5885 auc=0.7544
hybrid_vit final: epoch 2/14 start
hybrid_vit final: epoch 2/14 done in 39.1s loss=0.4200 auc=0.8953
hybrid_vit final: epoch 3/14 start
hybrid_vit final: epoch 3/14 done in 39.3s loss=0.3401 auc=0.9315
hybrid_vit final: epoch 4/14 start
hybrid_vit final: epoch 4/14 done in 39.3s loss=0.2901 auc=0.9500
hybrid_vit final: epoch 5/14 start
hybrid_vit final: epoch 5/14 done in 39.3s loss=0.2618 auc=0.9586
hybrid_vit final: epoch 6/14 start
hybrid_vit final: epoch 6/14 done in 39.4s loss=0.2439 auc=0.9634
hybrid_vit final: epoch 7/14 start
hybrid_vit final: epoch 7/14 done in 39.3s loss=0.2255 auc=0.9682
hybrid_vit final: epoch 8/14 start
hybrid_vit final: epoch 8/14 done in 39.3s loss=0.2172 auc=0.9700
hybrid_vit final: epoch 9/14 start
hybrid_vit final: epoch 9/14 done in 39.2s loss=0.2075 auc=0.9725
hybrid_vit final: epoch 10/14 start
hybrid_vit final: epoch 10/14 done in 39.3s loss=0.1979 auc=0.9746
hybrid_vit final: epoch 11/14 start
hybrid_vit final: epoch 11/14 done in 39.3s loss=0.1885 auc=0.9763
hybrid_vit final: epoch 12/14 start
hybrid_vit final: epoch 12/14 done in 39.2s loss=0.1767 auc=0.9788
hybrid_vit final: epoch 13/14 start
hybrid_vit final: epoch 13/14 done in 39.3s loss=0.1747 auc=0.9790
hybrid_vit final: epoch 14/14 start
hybrid_vit final: epoch 14/14 done in 39.8s loss=0.1709 auc=0.9797
[INFO] focus_binary.focus_binary.scripts.multiseed_eval: seed complete
[INFO] focus_binary.focus_binary.scripts.multiseed_eval: multi-seed evaluation complete
