$ D:\Dineth\myenv\Scripts\python.exe -u D:\Dineth\focus_binary_benchmark\focus_binary_benchmark\scripts\multiseed_eval.py --family focus_dnn --manifest D:\Dineth\focus_binary_benchmark\focus_binary_benchmark\revision_outputs\multiseed\leakage_safe_manifest.csv --runs-dir runs --out-dir D:\Dineth\focus_binary_benchmark\focus_binary_benchmark\revision_outputs\multiseed\training_outputs --seeds 11 --leakage-check stack_sha1

2026-05-23 04:28:59.546637: I tensorflow/core/util/port.cc:153] oneDNN custom operations are on. You may see slightly different numerical results due to floating-point round-off errors from different computation orders. To turn them off, set the environment variable `TF_ENABLE_ONEDNN_OPTS=0`.
2026-05-23 04:29:07.613544: I tensorflow/core/util/port.cc:153] oneDNN custom operations are on. You may see slightly different numerical results due to floating-point round-off errors from different computation orders. To turn them off, set the environment variable `TF_ENABLE_ONEDNN_OPTS=0`.
2026-05-23 04:29:17.402516: I tensorflow/core/platform/cpu_feature_guard.cc:210] This TensorFlow binary is optimized to use available CPU instructions in performance-critical operations.
To enable the following instructions: SSE3 SSE4.1 SSE4.2 AVX AVX2 FMA, in other operations, rebuild TensorFlow with the appropriate compiler flags.
Running leakage check (stack_sha1) on D:\Dineth\focus_binary_benchmark\focus_binary_benchmark\revision_outputs\multiseed\leakage_safe_manifest.csv
  sha1: checking 4969 files
  sha1: checked 1/4969
  sha1: checked 250/4969
  sha1: checked 500/4969
  sha1: checked 750/4969
  sha1: checked 1000/4969
  sha1: checked 1250/4969
  sha1: checked 1500/4969
  sha1: checked 1750/4969
  sha1: checked 2000/4969
  sha1: checked 2250/4969
  sha1: checked 2500/4969
  sha1: checked 2750/4969
  sha1: checked 3000/4969
  sha1: checked 3250/4969
  sha1: checked 3500/4969
  sha1: checked 3750/4969
  sha1: checked 4000/4969
  sha1: checked 4250/4969
  sha1: checked 4500/4969
  sha1: checked 4750/4969
  sha1: checked 4969/4969
Leakage audit summary:
  stack_id overlaps: 0
  sha1 duplicates: 0
  phash duplicates: 0
Class balance per dataset/split:
  TBSI split=test label=0 count=35 ratio=0.875
  TBSI split=test label=1 count=5 ratio=0.125
  TBSI split=train label=0 count=147 ratio=0.875
  TBSI split=train label=1 count=21 ratio=0.125
  TBSI split=val label=0 count=28 ratio=0.875
  TBSI split=val label=1 count=4 ratio=0.125
  bma split=test label=0 count=55 ratio=0.917
  bma split=test label=1 count=5 ratio=0.083
  bma split=train label=0 count=297 ratio=0.917
  bma split=train label=1 count=27 ratio=0.083
  bma split=val label=0 count=66 ratio=0.917
  bma split=val label=1 count=6 ratio=0.083
  pbs_imgs split=test label=0 count=114 ratio=0.912
  pbs_imgs split=test label=1 count=11 ratio=0.088
  pbs_imgs split=train label=0 count=570 ratio=0.913
  pbs_imgs split=train label=1 count=54 ratio=0.087
  pbs_imgs split=val label=0 count=120 ratio=0.909
  pbs_imgs split=val label=1 count=12 ratio=0.091
  tbf_imgs split=test label=0 count=297 ratio=0.917
  tbf_imgs split=test label=1 count=27 ratio=0.083
  tbf_imgs split=train label=0 count=1353 ratio=0.917
  tbf_imgs split=train label=1 count=123 ratio=0.083
  tbf_imgs split=val label=0 count=352 ratio=0.917
  tbf_imgs split=val label=1 count=32 ratio=0.083
  wbc split=test label=0 count=154 ratio=0.875
  wbc split=test label=1 count=22 ratio=0.125
  wbc split=train label=0 count=742 ratio=0.875
  wbc split=train label=1 count=106 ratio=0.125
  wbc split=val label=0 count=161 ratio=0.875
  wbc split=val label=1 count=23 ratio=0.125
[WARNING] focus_binary.focus_binary.data.balance: Extreme class imbalance detected
[WARNING] focus_binary.focus_binary.data.balance: Extreme class imbalance detected
[WARNING] focus_binary.focus_binary.data.balance: Extreme class imbalance detected
[WARNING] focus_binary.focus_binary.data.balance: Extreme class imbalance detected
[WARNING] focus_binary.focus_binary.data.balance: Extreme class imbalance detected
[WARNING] focus_binary.focus_binary.data.balance: Extreme class imbalance detected
[WARNING] focus_binary.focus_binary.data.balance: Extreme class imbalance detected
[WARNING] focus_binary.focus_binary.data.balance: Extreme class imbalance detected
[WARNING] focus_binary.focus_binary.data.balance: Extreme class imbalance detected
[WARNING] focus_binary.focus_binary.data.balance: Extreme class imbalance detected
[WARNING] focus_binary.focus_binary.data.balance: Extreme class imbalance detected
[WARNING] focus_binary.focus_binary.data.balance: Extreme class imbalance detected
[WARNING] focus_binary.focus_binary.data.balance: Extreme class imbalance detected
[WARNING] focus_binary.focus_binary.data.balance: Extreme class imbalance detected
[WARNING] focus_binary.focus_binary.data.balance: Extreme class imbalance detected
[WARNING] focus_binary.focus_binary.data.balance: Extreme class imbalance detected
[WARNING] focus_binary.focus_binary.data.balance: Extreme class imbalance detected
[WARNING] focus_binary.focus_binary.data.balance: Extreme class imbalance detected
[WARNING] focus_binary.focus_binary.data.balance: Extreme class imbalance detected
[WARNING] focus_binary.focus_binary.data.balance: Extreme class imbalance detected
[WARNING] focus_binary.focus_binary.data.balance: Extreme class imbalance detected
[WARNING] focus_binary.focus_binary.data.balance: Extreme class imbalance detected
[WARNING] focus_binary.focus_binary.data.balance: Extreme class imbalance detected
[WARNING] focus_binary.focus_binary.data.balance: Extreme class imbalance detected
[WARNING] focus_binary.focus_binary.data.balance: Extreme class imbalance detected
[WARNING] focus_binary.focus_binary.data.balance: Extreme class imbalance detected
[WARNING] focus_binary.focus_binary.data.balance: Extreme class imbalance detected
[WARNING] focus_binary.focus_binary.data.balance: Extreme class imbalance detected
[WARNING] focus_binary.focus_binary.data.balance: Extreme class imbalance detected
[WARNING] focus_binary.focus_binary.data.balance: Extreme class imbalance detected
Starting multiseed job: family=focus_dnn seed=11
focus_dnn phase-a: epoch 1/30 start
focus_dnn phase-a: epoch 1/30 done in 390.7s loss=0.6884 auc=0.6624 val_loss=0.6930 val_auc=0.6606
focus_dnn phase-a: epoch 2/30 start
focus_dnn phase-a: epoch 2/30 done in 0.4s loss=0.6513 auc=0.6721 val_loss=0.6549 val_auc=0.6549
focus_dnn phase-a: epoch 3/30 start
focus_dnn phase-a: epoch 3/30 done in 0.4s loss=0.6409 auc=0.6777 val_loss=0.6407 val_auc=0.6648
focus_dnn phase-a: epoch 4/30 start
focus_dnn phase-a: epoch 4/30 done in 0.4s loss=0.6352 auc=0.6925 val_loss=0.6325 val_auc=0.6979
focus_dnn phase-a: epoch 5/30 start
focus_dnn phase-a: epoch 5/30 done in 0.4s loss=0.6294 auc=0.7100 val_loss=0.6261 val_auc=0.7147
focus_dnn phase-a: epoch 6/30 start
focus_dnn phase-a: epoch 6/30 done in 0.4s loss=0.6224 auc=0.7261 val_loss=0.6203 val_auc=0.7240
focus_dnn phase-a: epoch 7/30 start
focus_dnn phase-a: epoch 7/30 done in 0.4s loss=0.6139 auc=0.7443 val_loss=0.6183 val_auc=0.8020
focus_dnn phase-a: epoch 8/30 start
focus_dnn phase-a: epoch 8/30 done in 0.4s loss=0.6038 auc=0.7636 val_loss=0.6242 val_auc=0.8419
focus_dnn phase-a: epoch 9/30 start
focus_dnn phase-a: epoch 9/30 done in 0.4s loss=0.5919 auc=0.7741 val_loss=0.6302 val_auc=0.8126
focus_dnn phase-a: epoch 10/30 start
focus_dnn phase-a: epoch 10/30 done in 0.4s loss=0.5805 auc=0.7788 val_loss=0.6403 val_auc=0.8739
focus_dnn phase-a: epoch 11/30 start
focus_dnn phase-a: epoch 11/30 done in 0.4s loss=0.5712 auc=0.7820 val_loss=0.6519 val_auc=0.8496
focus_dnn phase-a: epoch 12/30 start
focus_dnn phase-a: epoch 12/30 done in 0.4s loss=0.5637 auc=0.7852 val_loss=0.6593 val_auc=0.8648
focus_dnn phase-a: epoch 13/30 start
focus_dnn phase-a: epoch 13/30 done in 0.4s loss=0.5575 auc=0.7885 val_loss=0.6779 val_auc=0.8598
focus_dnn phase-a: epoch 14/30 start
focus_dnn phase-a: epoch 14/30 done in 0.4s loss=0.5534 auc=0.7907 val_loss=0.6840 val_auc=0.8643
focus_dnn phase-a: epoch 15/30 start
focus_dnn phase-a: epoch 15/30 done in 0.4s loss=0.5499 auc=0.7935 val_loss=0.6948 val_auc=0.8752
focus_dnn phase-a: epoch 16/30 start
focus_dnn phase-a: epoch 16/30 done in 0.4s loss=0.5475 auc=0.7952 val_loss=0.7006 val_auc=0.8601
focus_dnn phase-a: epoch 17/30 start
focus_dnn phase-a: epoch 17/30 done in 0.4s loss=0.5454 auc=0.7963 val_loss=0.7038 val_auc=0.8624
focus_dnn phase-a: epoch 18/30 start
focus_dnn phase-a: epoch 18/30 done in 0.4s loss=0.5427 auc=0.7986 val_loss=0.7060 val_auc=0.8696
focus_dnn phase-a: epoch 19/30 start
focus_dnn phase-a: epoch 19/30 done in 0.4s loss=0.5410 auc=0.7994 val_loss=0.7128 val_auc=0.8404
focus_dnn phase-a: epoch 20/30 start
focus_dnn phase-a: epoch 20/30 done in 0.4s loss=0.5390 auc=0.8009 val_loss=0.7127 val_auc=0.8504
focus_dnn phase-a: epoch 21/30 start
focus_dnn phase-a: epoch 21/30 done in 0.4s loss=0.5376 auc=0.8016 val_loss=0.7116 val_auc=0.8489
focus_dnn phase-a: epoch 22/30 start
focus_dnn phase-a: epoch 22/30 done in 0.4s loss=0.5357 auc=0.8037 val_loss=0.7162 val_auc=0.8444
focus_dnn phase-a: epoch 23/30 start
focus_dnn phase-a: epoch 23/30 done in 0.4s loss=0.5342 auc=0.8043 val_loss=0.7182 val_auc=0.8413
focus_dnn phase-a: epoch 24/30 start
focus_dnn phase-a: epoch 24/30 done in 0.4s loss=0.5326 auc=0.8059 val_loss=0.7191 val_auc=0.8653
focus_dnn phase-a: epoch 25/30 start
focus_dnn phase-a: epoch 25/30 done in 0.4s loss=0.5306 auc=0.8086 val_loss=0.7205 val_auc=0.8456
focus_dnn phase-a: epoch 26/30 start
focus_dnn phase-a: epoch 26/30 done in 0.4s loss=0.5288 auc=0.8092 val_loss=0.7183 val_auc=0.8493
focus_dnn phase-a: epoch 27/30 start
focus_dnn phase-a: epoch 27/30 done in 0.4s loss=0.5264 auc=0.8119 val_loss=0.7211 val_auc=0.8420
focus_dnn phase-a: epoch 28/30 start
focus_dnn phase-a: epoch 28/30 done in 0.4s loss=0.5239 auc=0.8143 val_loss=0.7154 val_auc=0.8758
focus_dnn phase-a: epoch 29/30 start
focus_dnn phase-a: epoch 29/30 done in 0.5s loss=0.5223 auc=0.8150 val_loss=0.7151 val_auc=0.8790
focus_dnn phase-a: epoch 30/30 start
focus_dnn phase-a: epoch 30/30 done in 0.4s loss=0.5199 auc=0.8172 val_loss=0.7148 val_auc=0.8734
focus_dnn final: epoch 1/29 start
focus_dnn final: epoch 1/29 done in 404.9s loss=0.6877 auc=0.6528
focus_dnn final: epoch 2/29 start
focus_dnn final: epoch 2/29 done in 0.4s loss=0.6449 auc=0.6793
focus_dnn final: epoch 3/29 start
focus_dnn final: epoch 3/29 done in 0.4s loss=0.6327 auc=0.6988
focus_dnn final: epoch 4/29 start
focus_dnn final: epoch 4/29 done in 0.4s loss=0.6235 auc=0.7234
focus_dnn final: epoch 5/29 start
focus_dnn final: epoch 5/29 done in 0.4s loss=0.6132 auc=0.7469
focus_dnn final: epoch 6/29 start
focus_dnn final: epoch 6/29 done in 0.4s loss=0.5992 auc=0.7702
focus_dnn final: epoch 7/29 start
focus_dnn final: epoch 7/29 done in 0.4s loss=0.5832 auc=0.7847
focus_dnn final: epoch 8/29 start
focus_dnn final: epoch 8/29 done in 0.4s loss=0.5688 auc=0.7902
focus_dnn final: epoch 9/29 start
focus_dnn final: epoch 9/29 done in 0.4s loss=0.5579 auc=0.7940
focus_dnn final: epoch 10/29 start
focus_dnn final: epoch 10/29 done in 0.4s loss=0.5505 auc=0.7963
focus_dnn final: epoch 11/29 start
focus_dnn final: epoch 11/29 done in 0.4s loss=0.5450 auc=0.7990
focus_dnn final: epoch 12/29 start
focus_dnn final: epoch 12/29 done in 0.4s loss=0.5412 auc=0.8002
focus_dnn final: epoch 13/29 start
focus_dnn final: epoch 13/29 done in 0.4s loss=0.5380 auc=0.8022
focus_dnn final: epoch 14/29 start
focus_dnn final: epoch 14/29 done in 0.4s loss=0.5358 auc=0.8034
focus_dnn final: epoch 15/29 start
focus_dnn final: epoch 15/29 done in 0.4s loss=0.5337 auc=0.8047
focus_dnn final: epoch 16/29 start
focus_dnn final: epoch 16/29 done in 0.4s loss=0.5318 auc=0.8063
focus_dnn final: epoch 17/29 start
focus_dnn final: epoch 17/29 done in 0.4s loss=0.5299 auc=0.8078
focus_dnn final: epoch 18/29 start
focus_dnn final: epoch 18/29 done in 0.4s loss=0.5279 auc=0.8096
focus_dnn final: epoch 19/29 start
focus_dnn final: epoch 19/29 done in 0.4s loss=0.5256 auc=0.8113
focus_dnn final: epoch 20/29 start
focus_dnn final: epoch 20/29 done in 0.4s loss=0.5235 auc=0.8128
focus_dnn final: epoch 21/29 start
focus_dnn final: epoch 21/29 done in 0.4s loss=0.5211 auc=0.8149
focus_dnn final: epoch 22/29 start
focus_dnn final: epoch 22/29 done in 0.4s loss=0.5188 auc=0.8170
focus_dnn final: epoch 23/29 start
focus_dnn final: epoch 23/29 done in 0.4s loss=0.5163 auc=0.8189
focus_dnn final: epoch 24/29 start
focus_dnn final: epoch 24/29 done in 0.4s loss=0.5134 auc=0.8205
focus_dnn final: epoch 25/29 start
focus_dnn final: epoch 25/29 done in 0.4s loss=0.5112 auc=0.8226
focus_dnn final: epoch 26/29 start
focus_dnn final: epoch 26/29 done in 0.4s loss=0.5078 auc=0.8251
focus_dnn final: epoch 27/29 start
focus_dnn final: epoch 27/29 done in 0.4s loss=0.5047 auc=0.8269
focus_dnn final: epoch 28/29 start
focus_dnn final: epoch 28/29 done in 0.4s loss=0.5014 auc=0.8281
focus_dnn final: epoch 29/29 start
focus_dnn final: epoch 29/29 done in 0.4s loss=0.4982 auc=0.8305
[INFO] focus_binary.focus_binary.scripts.multiseed_eval: seed complete
[INFO] focus_binary.focus_binary.scripts.multiseed_eval: multi-seed evaluation complete
