$ D:\Dineth\myenv\Scripts\python.exe -u D:\Dineth\focus_binary_benchmark\focus_binary_benchmark\scripts\multiseed_eval.py --family focus_dnn --manifest D:\Dineth\focus_binary_benchmark\focus_binary_benchmark\revision_outputs\multiseed\leakage_safe_manifest.csv --runs-dir runs --out-dir D:\Dineth\focus_binary_benchmark\focus_binary_benchmark\revision_outputs\multiseed\training_outputs --seeds 33 --leakage-check stack_sha1

2026-05-23 05:07:31.474056: I tensorflow/core/util/port.cc:153] oneDNN custom operations are on. You may see slightly different numerical results due to floating-point round-off errors from different computation orders. To turn them off, set the environment variable `TF_ENABLE_ONEDNN_OPTS=0`.
2026-05-23 05:07:40.468864: I tensorflow/core/util/port.cc:153] oneDNN custom operations are on. You may see slightly different numerical results due to floating-point round-off errors from different computation orders. To turn them off, set the environment variable `TF_ENABLE_ONEDNN_OPTS=0`.
2026-05-23 05:07:49.303454: I tensorflow/core/platform/cpu_feature_guard.cc:210] This TensorFlow binary is optimized to use available CPU instructions in performance-critical operations.
To enable the following instructions: SSE3 SSE4.1 SSE4.2 AVX AVX2 FMA, in other operations, rebuild TensorFlow with the appropriate compiler flags.
Running leakage check (stack_sha1) on D:\Dineth\focus_binary_benchmark\focus_binary_benchmark\revision_outputs\multiseed\leakage_safe_manifest.csv
  sha1: checking 4969 files
  sha1: checked 1/4969
  sha1: checked 250/4969
  sha1: checked 500/4969
  sha1: checked 750/4969
  sha1: checked 1000/4969
  sha1: checked 1250/4969
  sha1: checked 1500/4969
  sha1: checked 1750/4969
  sha1: checked 2000/4969
  sha1: checked 2250/4969
  sha1: checked 2500/4969
  sha1: checked 2750/4969
  sha1: checked 3000/4969
  sha1: checked 3250/4969
  sha1: checked 3500/4969
  sha1: checked 3750/4969
  sha1: checked 4000/4969
  sha1: checked 4250/4969
  sha1: checked 4500/4969
  sha1: checked 4750/4969
  sha1: checked 4969/4969
Leakage audit summary:
  stack_id overlaps: 0
  sha1 duplicates: 0
  phash duplicates: 0
Class balance per dataset/split:
  TBSI split=test label=0 count=35 ratio=0.875
  TBSI split=test label=1 count=5 ratio=0.125
  TBSI split=train label=0 count=147 ratio=0.875
  TBSI split=train label=1 count=21 ratio=0.125
  TBSI split=val label=0 count=28 ratio=0.875
  TBSI split=val label=1 count=4 ratio=0.125
  bma split=test label=0 count=55 ratio=0.917
  bma split=test label=1 count=5 ratio=0.083
  bma split=train label=0 count=297 ratio=0.917
  bma split=train label=1 count=27 ratio=0.083
  bma split=val label=0 count=66 ratio=0.917
  bma split=val label=1 count=6 ratio=0.083
  pbs_imgs split=test label=0 count=114 ratio=0.912
  pbs_imgs split=test label=1 count=11 ratio=0.088
  pbs_imgs split=train label=0 count=570 ratio=0.913
  pbs_imgs split=train label=1 count=54 ratio=0.087
  pbs_imgs split=val label=0 count=120 ratio=0.909
  pbs_imgs split=val label=1 count=12 ratio=0.091
  tbf_imgs split=test label=0 count=297 ratio=0.917
  tbf_imgs split=test label=1 count=27 ratio=0.083
  tbf_imgs split=train label=0 count=1353 ratio=0.917
  tbf_imgs split=train label=1 count=123 ratio=0.083
  tbf_imgs split=val label=0 count=352 ratio=0.917
  tbf_imgs split=val label=1 count=32 ratio=0.083
  wbc split=test label=0 count=154 ratio=0.875
  wbc split=test label=1 count=22 ratio=0.125
  wbc split=train label=0 count=742 ratio=0.875
  wbc split=train label=1 count=106 ratio=0.125
  wbc split=val label=0 count=161 ratio=0.875
  wbc split=val label=1 count=23 ratio=0.125
[WARNING] focus_binary.focus_binary.data.balance: Extreme class imbalance detected
[WARNING] focus_binary.focus_binary.data.balance: Extreme class imbalance detected
[WARNING] focus_binary.focus_binary.data.balance: Extreme class imbalance detected
[WARNING] focus_binary.focus_binary.data.balance: Extreme class imbalance detected
[WARNING] focus_binary.focus_binary.data.balance: Extreme class imbalance detected
[WARNING] focus_binary.focus_binary.data.balance: Extreme class imbalance detected
[WARNING] focus_binary.focus_binary.data.balance: Extreme class imbalance detected
[WARNING] focus_binary.focus_binary.data.balance: Extreme class imbalance detected
[WARNING] focus_binary.focus_binary.data.balance: Extreme class imbalance detected
[WARNING] focus_binary.focus_binary.data.balance: Extreme class imbalance detected
[WARNING] focus_binary.focus_binary.data.balance: Extreme class imbalance detected
[WARNING] focus_binary.focus_binary.data.balance: Extreme class imbalance detected
[WARNING] focus_binary.focus_binary.data.balance: Extreme class imbalance detected
[WARNING] focus_binary.focus_binary.data.balance: Extreme class imbalance detected
[WARNING] focus_binary.focus_binary.data.balance: Extreme class imbalance detected
[WARNING] focus_binary.focus_binary.data.balance: Extreme class imbalance detected
[WARNING] focus_binary.focus_binary.data.balance: Extreme class imbalance detected
[WARNING] focus_binary.focus_binary.data.balance: Extreme class imbalance detected
[WARNING] focus_binary.focus_binary.data.balance: Extreme class imbalance detected
[WARNING] focus_binary.focus_binary.data.balance: Extreme class imbalance detected
[WARNING] focus_binary.focus_binary.data.balance: Extreme class imbalance detected
[WARNING] focus_binary.focus_binary.data.balance: Extreme class imbalance detected
[WARNING] focus_binary.focus_binary.data.balance: Extreme class imbalance detected
[WARNING] focus_binary.focus_binary.data.balance: Extreme class imbalance detected
[WARNING] focus_binary.focus_binary.data.balance: Extreme class imbalance detected
[WARNING] focus_binary.focus_binary.data.balance: Extreme class imbalance detected
[WARNING] focus_binary.focus_binary.data.balance: Extreme class imbalance detected
[WARNING] focus_binary.focus_binary.data.balance: Extreme class imbalance detected
[WARNING] focus_binary.focus_binary.data.balance: Extreme class imbalance detected
[WARNING] focus_binary.focus_binary.data.balance: Extreme class imbalance detected
Starting multiseed job: family=focus_dnn seed=33
focus_dnn phase-a: epoch 1/30 start
focus_dnn phase-a: epoch 1/30 done in 388.1s loss=0.6927 auc=0.6599 val_loss=0.6834 val_auc=0.6605
focus_dnn phase-a: epoch 2/30 start
focus_dnn phase-a: epoch 2/30 done in 0.4s loss=0.6548 auc=0.6806 val_loss=0.6177 val_auc=0.6657
focus_dnn phase-a: epoch 3/30 start
focus_dnn phase-a: epoch 3/30 done in 0.4s loss=0.6426 auc=0.6799 val_loss=0.5909 val_auc=0.6415
focus_dnn phase-a: epoch 4/30 start
focus_dnn phase-a: epoch 4/30 done in 0.4s loss=0.6370 auc=0.6892 val_loss=0.5798 val_auc=0.6969
focus_dnn phase-a: epoch 5/30 start
focus_dnn phase-a: epoch 5/30 done in 0.4s loss=0.6313 auc=0.7047 val_loss=0.5724 val_auc=0.7345
focus_dnn phase-a: epoch 6/30 start
focus_dnn phase-a: epoch 6/30 done in 0.4s loss=0.6247 auc=0.7230 val_loss=0.5671 val_auc=0.7621
focus_dnn phase-a: epoch 7/30 start
focus_dnn phase-a: epoch 7/30 done in 0.4s loss=0.6167 auc=0.7428 val_loss=0.5617 val_auc=0.7583
focus_dnn phase-a: epoch 8/30 start
focus_dnn phase-a: epoch 8/30 done in 0.4s loss=0.6066 auc=0.7596 val_loss=0.5537 val_auc=0.8085
focus_dnn phase-a: epoch 9/30 start
focus_dnn phase-a: epoch 9/30 done in 0.4s loss=0.5943 auc=0.7739 val_loss=0.5463 val_auc=0.8732
focus_dnn phase-a: epoch 10/30 start
focus_dnn phase-a: epoch 10/30 done in 0.4s loss=0.5820 auc=0.7819 val_loss=0.5483 val_auc=0.8408
focus_dnn phase-a: epoch 11/30 start
focus_dnn phase-a: epoch 11/30 done in 0.4s loss=0.5719 auc=0.7856 val_loss=0.5543 val_auc=0.8610
focus_dnn phase-a: epoch 12/30 start
focus_dnn phase-a: epoch 12/30 done in 0.4s loss=0.5640 auc=0.7894 val_loss=0.5618 val_auc=0.8604
focus_dnn phase-a: epoch 13/30 start
focus_dnn phase-a: epoch 13/30 done in 0.4s loss=0.5582 auc=0.7918 val_loss=0.5723 val_auc=0.8638
focus_dnn phase-a: epoch 14/30 start
focus_dnn phase-a: epoch 14/30 done in 0.4s loss=0.5540 auc=0.7942 val_loss=0.5765 val_auc=0.8637
focus_dnn phase-a: epoch 15/30 start
focus_dnn phase-a: epoch 15/30 done in 0.4s loss=0.5507 auc=0.7963 val_loss=0.5840 val_auc=0.8605
focus_dnn phase-a: epoch 16/30 start
focus_dnn phase-a: epoch 16/30 done in 0.4s loss=0.5484 auc=0.7974 val_loss=0.5904 val_auc=0.8682
focus_dnn phase-a: epoch 17/30 start
focus_dnn phase-a: epoch 17/30 done in 0.4s loss=0.5466 auc=0.7983 val_loss=0.5973 val_auc=0.8741
focus_dnn phase-a: epoch 18/30 start
focus_dnn phase-a: epoch 18/30 done in 0.4s loss=0.5446 auc=0.7993 val_loss=0.5961 val_auc=0.8787
focus_dnn phase-a: epoch 19/30 start
focus_dnn phase-a: epoch 19/30 done in 0.4s loss=0.5429 auc=0.8007 val_loss=0.5985 val_auc=0.8809
focus_dnn phase-a: epoch 20/30 start
focus_dnn phase-a: epoch 20/30 done in 0.4s loss=0.5413 auc=0.8022 val_loss=0.6011 val_auc=0.8794
focus_dnn phase-a: epoch 21/30 start
focus_dnn phase-a: epoch 21/30 done in 0.4s loss=0.5394 auc=0.8032 val_loss=0.5992 val_auc=0.8819
focus_dnn phase-a: epoch 22/30 start
focus_dnn phase-a: epoch 22/30 done in 0.4s loss=0.5379 auc=0.8048 val_loss=0.6034 val_auc=0.8825
focus_dnn phase-a: epoch 23/30 start
focus_dnn phase-a: epoch 23/30 done in 0.4s loss=0.5365 auc=0.8057 val_loss=0.6011 val_auc=0.8837
focus_dnn phase-a: epoch 24/30 start
focus_dnn phase-a: epoch 24/30 done in 0.4s loss=0.5351 auc=0.8069 val_loss=0.6016 val_auc=0.8823
focus_dnn phase-a: epoch 25/30 start
focus_dnn phase-a: epoch 25/30 done in 0.4s loss=0.5335 auc=0.8083 val_loss=0.6000 val_auc=0.8812
focus_dnn phase-a: epoch 26/30 start
focus_dnn phase-a: epoch 26/30 done in 0.4s loss=0.5317 auc=0.8099 val_loss=0.6007 val_auc=0.8832
focus_dnn phase-a: epoch 27/30 start
focus_dnn phase-a: epoch 27/30 done in 0.4s loss=0.5303 auc=0.8112 val_loss=0.5981 val_auc=0.8788
focus_dnn phase-a: epoch 28/30 start
focus_dnn phase-a: epoch 28/30 done in 0.4s loss=0.5284 auc=0.8135 val_loss=0.5998 val_auc=0.8790
focus_dnn phase-a: epoch 29/30 start
focus_dnn phase-a: epoch 29/30 done in 0.4s loss=0.5264 auc=0.8154 val_loss=0.5886 val_auc=0.8750
focus_dnn phase-a: epoch 30/30 start
focus_dnn phase-a: epoch 30/30 done in 0.4s loss=0.5242 auc=0.8176 val_loss=0.5919 val_auc=0.8812
focus_dnn final: epoch 1/23 start
focus_dnn final: epoch 1/23 done in 407.5s loss=0.6824 auc=0.6567
focus_dnn final: epoch 2/23 start
focus_dnn final: epoch 2/23 done in 0.4s loss=0.6446 auc=0.6747
focus_dnn final: epoch 3/23 start
focus_dnn final: epoch 3/23 done in 0.4s loss=0.6357 auc=0.6850
focus_dnn final: epoch 4/23 start
focus_dnn final: epoch 4/23 done in 0.4s loss=0.6285 auc=0.7034
focus_dnn final: epoch 5/23 start
focus_dnn final: epoch 5/23 done in 0.4s loss=0.6200 auc=0.7254
focus_dnn final: epoch 6/23 start
focus_dnn final: epoch 6/23 done in 0.4s loss=0.6094 auc=0.7507
focus_dnn final: epoch 7/23 start
focus_dnn final: epoch 7/23 done in 0.4s loss=0.5953 auc=0.7724
focus_dnn final: epoch 8/23 start
focus_dnn final: epoch 8/23 done in 0.4s loss=0.5807 auc=0.7823
focus_dnn final: epoch 9/23 start
focus_dnn final: epoch 9/23 done in 0.4s loss=0.5675 auc=0.7872
focus_dnn final: epoch 10/23 start
focus_dnn final: epoch 10/23 done in 0.4s loss=0.5575 auc=0.7898
focus_dnn final: epoch 11/23 start
focus_dnn final: epoch 11/23 done in 0.4s loss=0.5509 auc=0.7906
focus_dnn final: epoch 12/23 start
focus_dnn final: epoch 12/23 done in 0.4s loss=0.5460 auc=0.7927
focus_dnn final: epoch 13/23 start
focus_dnn final: epoch 13/23 done in 0.4s loss=0.5422 auc=0.7952
focus_dnn final: epoch 14/23 start
focus_dnn final: epoch 14/23 done in 0.4s loss=0.5390 auc=0.7968
focus_dnn final: epoch 15/23 start
focus_dnn final: epoch 15/23 done in 0.4s loss=0.5361 auc=0.7983
focus_dnn final: epoch 16/23 start
focus_dnn final: epoch 16/23 done in 0.4s loss=0.5334 auc=0.8007
focus_dnn final: epoch 17/23 start
focus_dnn final: epoch 17/23 done in 0.4s loss=0.5307 auc=0.8022
focus_dnn final: epoch 18/23 start
focus_dnn final: epoch 18/23 done in 0.4s loss=0.5283 auc=0.8037
focus_dnn final: epoch 19/23 start
focus_dnn final: epoch 19/23 done in 0.4s loss=0.5258 auc=0.8050
focus_dnn final: epoch 20/23 start
focus_dnn final: epoch 20/23 done in 0.4s loss=0.5230 auc=0.8068
focus_dnn final: epoch 21/23 start
focus_dnn final: epoch 21/23 done in 0.4s loss=0.5200 auc=0.8109
focus_dnn final: epoch 22/23 start
focus_dnn final: epoch 22/23 done in 0.4s loss=0.5172 auc=0.8122
focus_dnn final: epoch 23/23 start
focus_dnn final: epoch 23/23 done in 0.4s loss=0.5144 auc=0.8126
[INFO] focus_binary.focus_binary.scripts.multiseed_eval: seed complete
[INFO] focus_binary.focus_binary.scripts.multiseed_eval: multi-seed evaluation complete
