$ D:\Dineth\myenv\Scripts\python.exe -u D:\Dineth\focus_binary_benchmark\focus_binary_benchmark\scripts\multiseed_eval.py --family cnn_focus_hybrid --manifest D:\Dineth\focus_binary_benchmark\focus_binary_benchmark\revision_outputs\multiseed\leakage_safe_manifest.csv --runs-dir runs --out-dir D:\Dineth\focus_binary_benchmark\focus_binary_benchmark\revision_outputs\multiseed\training_outputs --seeds 44 --leakage-check stack_sha1

2026-05-22 21:00:13.042592: I tensorflow/core/util/port.cc:153] oneDNN custom operations are on. You may see slightly different numerical results due to floating-point round-off errors from different computation orders. To turn them off, set the environment variable `TF_ENABLE_ONEDNN_OPTS=0`.
2026-05-22 21:00:21.692089: I tensorflow/core/util/port.cc:153] oneDNN custom operations are on. You may see slightly different numerical results due to floating-point round-off errors from different computation orders. To turn them off, set the environment variable `TF_ENABLE_ONEDNN_OPTS=0`.
2026-05-22 21:00:30.525510: I tensorflow/core/platform/cpu_feature_guard.cc:210] This TensorFlow binary is optimized to use available CPU instructions in performance-critical operations.
To enable the following instructions: SSE3 SSE4.1 SSE4.2 AVX AVX2 FMA, in other operations, rebuild TensorFlow with the appropriate compiler flags.
Running leakage check (stack_sha1) on D:\Dineth\focus_binary_benchmark\focus_binary_benchmark\revision_outputs\multiseed\leakage_safe_manifest.csv
  sha1: checking 4969 files
  sha1: checked 1/4969
  sha1: checked 250/4969
  sha1: checked 500/4969
  sha1: checked 750/4969
  sha1: checked 1000/4969
  sha1: checked 1250/4969
  sha1: checked 1500/4969
  sha1: checked 1750/4969
  sha1: checked 2000/4969
  sha1: checked 2250/4969
  sha1: checked 2500/4969
  sha1: checked 2750/4969
  sha1: checked 3000/4969
  sha1: checked 3250/4969
  sha1: checked 3500/4969
  sha1: checked 3750/4969
  sha1: checked 4000/4969
  sha1: checked 4250/4969
  sha1: checked 4500/4969
  sha1: checked 4750/4969
  sha1: checked 4969/4969
Leakage audit summary:
  stack_id overlaps: 0
  sha1 duplicates: 0
  phash duplicates: 0
Class balance per dataset/split:
  TBSI split=test label=0 count=35 ratio=0.875
  TBSI split=test label=1 count=5 ratio=0.125
  TBSI split=train label=0 count=147 ratio=0.875
  TBSI split=train label=1 count=21 ratio=0.125
  TBSI split=val label=0 count=28 ratio=0.875
  TBSI split=val label=1 count=4 ratio=0.125
  bma split=test label=0 count=55 ratio=0.917
  bma split=test label=1 count=5 ratio=0.083
  bma split=train label=0 count=297 ratio=0.917
  bma split=train label=1 count=27 ratio=0.083
  bma split=val label=0 count=66 ratio=0.917
  bma split=val label=1 count=6 ratio=0.083
  pbs_imgs split=test label=0 count=114 ratio=0.912
  pbs_imgs split=test label=1 count=11 ratio=0.088
  pbs_imgs split=train label=0 count=570 ratio=0.913
  pbs_imgs split=train label=1 count=54 ratio=0.087
  pbs_imgs split=val label=0 count=120 ratio=0.909
  pbs_imgs split=val label=1 count=12 ratio=0.091
  tbf_imgs split=test label=0 count=297 ratio=0.917
  tbf_imgs split=test label=1 count=27 ratio=0.083
  tbf_imgs split=train label=0 count=1353 ratio=0.917
  tbf_imgs split=train label=1 count=123 ratio=0.083
  tbf_imgs split=val label=0 count=352 ratio=0.917
  tbf_imgs split=val label=1 count=32 ratio=0.083
  wbc split=test label=0 count=154 ratio=0.875
  wbc split=test label=1 count=22 ratio=0.125
  wbc split=train label=0 count=742 ratio=0.875
  wbc split=train label=1 count=106 ratio=0.125
  wbc split=val label=0 count=161 ratio=0.875
  wbc split=val label=1 count=23 ratio=0.125
[WARNING] focus_binary.focus_binary.data.balance: Extreme class imbalance detected
[WARNING] focus_binary.focus_binary.data.balance: Extreme class imbalance detected
[WARNING] focus_binary.focus_binary.data.balance: Extreme class imbalance detected
[WARNING] focus_binary.focus_binary.data.balance: Extreme class imbalance detected
[WARNING] focus_binary.focus_binary.data.balance: Extreme class imbalance detected
[WARNING] focus_binary.focus_binary.data.balance: Extreme class imbalance detected
[WARNING] focus_binary.focus_binary.data.balance: Extreme class imbalance detected
[WARNING] focus_binary.focus_binary.data.balance: Extreme class imbalance detected
[WARNING] focus_binary.focus_binary.data.balance: Extreme class imbalance detected
[WARNING] focus_binary.focus_binary.data.balance: Extreme class imbalance detected
[WARNING] focus_binary.focus_binary.data.balance: Extreme class imbalance detected
[WARNING] focus_binary.focus_binary.data.balance: Extreme class imbalance detected
[WARNING] focus_binary.focus_binary.data.balance: Extreme class imbalance detected
[WARNING] focus_binary.focus_binary.data.balance: Extreme class imbalance detected
[WARNING] focus_binary.focus_binary.data.balance: Extreme class imbalance detected
[WARNING] focus_binary.focus_binary.data.balance: Extreme class imbalance detected
[WARNING] focus_binary.focus_binary.data.balance: Extreme class imbalance detected
[WARNING] focus_binary.focus_binary.data.balance: Extreme class imbalance detected
[WARNING] focus_binary.focus_binary.data.balance: Extreme class imbalance detected
[WARNING] focus_binary.focus_binary.data.balance: Extreme class imbalance detected
[WARNING] focus_binary.focus_binary.data.balance: Extreme class imbalance detected
[WARNING] focus_binary.focus_binary.data.balance: Extreme class imbalance detected
[WARNING] focus_binary.focus_binary.data.balance: Extreme class imbalance detected
[WARNING] focus_binary.focus_binary.data.balance: Extreme class imbalance detected
[WARNING] focus_binary.focus_binary.data.balance: Extreme class imbalance detected
[WARNING] focus_binary.focus_binary.data.balance: Extreme class imbalance detected
[WARNING] focus_binary.focus_binary.data.balance: Extreme class imbalance detected
[WARNING] focus_binary.focus_binary.data.balance: Extreme class imbalance detected
[WARNING] focus_binary.focus_binary.data.balance: Extreme class imbalance detected
[WARNING] focus_binary.focus_binary.data.balance: Extreme class imbalance detected
Starting multiseed job: family=cnn_focus_hybrid seed=44
cnn_focus_hybrid phase-a: epoch 1/30 start
2026-05-22 21:04:53.624490: I external/local_xla/xla/service/service.cc:163] XLA service 0x1be6b006ba0 initialized for platform Host (this does not guarantee that XLA will be used). Devices:
2026-05-22 21:04:53.625561: I external/local_xla/xla/service/service.cc:171]   StreamExecutor device (0): Host, Default Version
WARNING: All log messages before absl::InitializeLog() is called are written to STDERR
I0000 00:00:1779464135.626015   17032 device_compiler.h:196] Compiled cluster using XLA!  This line is logged at most once for the lifetime of the process.
cnn_focus_hybrid phase-a: epoch 1/30 done in 395.9s loss=0.7291 auc=0.5947 val_loss=0.7089 val_auc=0.6615
cnn_focus_hybrid phase-a: epoch 2/30 start
cnn_focus_hybrid phase-a: epoch 2/30 done in 22.7s loss=0.6914 auc=0.6487 val_loss=0.6492 val_auc=0.7140
cnn_focus_hybrid phase-a: epoch 3/30 start
cnn_focus_hybrid phase-a: epoch 3/30 done in 23.3s loss=0.6616 auc=0.6877 val_loss=0.6114 val_auc=0.8048
cnn_focus_hybrid phase-a: epoch 4/30 start
cnn_focus_hybrid phase-a: epoch 4/30 done in 22.9s loss=0.6432 auc=0.7071 val_loss=0.5899 val_auc=0.7973
cnn_focus_hybrid phase-a: epoch 5/30 start
cnn_focus_hybrid phase-a: epoch 5/30 done in 21.9s loss=0.6329 auc=0.7202 val_loss=0.5858 val_auc=0.7794
cnn_focus_hybrid phase-a: epoch 6/30 start
cnn_focus_hybrid phase-a: epoch 6/30 done in 21.9s loss=0.6198 auc=0.7362 val_loss=0.5768 val_auc=0.7771
cnn_focus_hybrid phase-a: epoch 7/30 start
cnn_focus_hybrid phase-a: epoch 7/30 done in 21.9s loss=0.6134 auc=0.7383 val_loss=0.5802 val_auc=0.8019
cnn_focus_hybrid phase-a: epoch 8/30 start
cnn_focus_hybrid phase-a: epoch 8/30 done in 21.8s loss=0.6122 auc=0.7445 val_loss=0.5716 val_auc=0.8094
cnn_focus_hybrid phase-a: epoch 9/30 start
cnn_focus_hybrid phase-a: epoch 9/30 done in 21.8s loss=0.6034 auc=0.7483 val_loss=0.5713 val_auc=0.8066
cnn_focus_hybrid phase-a: epoch 10/30 start
cnn_focus_hybrid phase-a: epoch 10/30 done in 22.0s loss=0.5948 auc=0.7615 val_loss=0.5748 val_auc=0.8086
cnn_focus_hybrid phase-a: epoch 11/30 start
cnn_focus_hybrid phase-a: epoch 11/30 done in 21.8s loss=0.5909 auc=0.7554 val_loss=0.5671 val_auc=0.8128
cnn_focus_hybrid phase-a: epoch 12/30 start
cnn_focus_hybrid phase-a: epoch 12/30 done in 22.0s loss=0.5813 auc=0.7683 val_loss=0.5553 val_auc=0.8147
cnn_focus_hybrid phase-a: epoch 13/30 start
cnn_focus_hybrid phase-a: epoch 13/30 done in 21.9s loss=0.5727 auc=0.7703 val_loss=0.5553 val_auc=0.8222
cnn_focus_hybrid phase-a: epoch 14/30 start
cnn_focus_hybrid phase-a: epoch 14/30 done in 21.9s loss=0.5685 auc=0.7788 val_loss=0.5347 val_auc=0.8254
cnn_focus_hybrid phase-a: epoch 15/30 start
cnn_focus_hybrid phase-a: epoch 15/30 done in 21.8s loss=0.5631 auc=0.7816 val_loss=0.5567 val_auc=0.8256
cnn_focus_hybrid phase-a: epoch 16/30 start
cnn_focus_hybrid phase-a: epoch 16/30 done in 21.9s loss=0.5592 auc=0.7883 val_loss=0.5512 val_auc=0.8274
cnn_focus_hybrid phase-a: epoch 17/30 start
cnn_focus_hybrid phase-a: epoch 17/30 done in 21.9s loss=0.5505 auc=0.7865 val_loss=0.5421 val_auc=0.8306
cnn_focus_hybrid phase-a: epoch 18/30 start
cnn_focus_hybrid phase-a: epoch 18/30 done in 21.9s loss=0.5497 auc=0.7948 val_loss=0.5327 val_auc=0.8336
cnn_focus_hybrid phase-a: epoch 19/30 start
cnn_focus_hybrid phase-a: epoch 19/30 done in 22.0s loss=0.5427 auc=0.7930 val_loss=0.5456 val_auc=0.8368
cnn_focus_hybrid phase-a: epoch 20/30 start
cnn_focus_hybrid phase-a: epoch 20/30 done in 21.9s loss=0.5384 auc=0.7912 val_loss=0.5308 val_auc=0.8399
cnn_focus_hybrid phase-a: epoch 21/30 start
cnn_focus_hybrid phase-a: epoch 21/30 done in 21.8s loss=0.5335 auc=0.8006 val_loss=0.5388 val_auc=0.8395
cnn_focus_hybrid phase-a: epoch 22/30 start
cnn_focus_hybrid phase-a: epoch 22/30 done in 21.9s loss=0.5267 auc=0.8025 val_loss=0.5327 val_auc=0.8412
cnn_focus_hybrid phase-a: epoch 23/30 start
cnn_focus_hybrid phase-a: epoch 23/30 done in 21.9s loss=0.5187 auc=0.8101 val_loss=0.5182 val_auc=0.8469
cnn_focus_hybrid phase-a: epoch 24/30 start
cnn_focus_hybrid phase-a: epoch 24/30 done in 22.0s loss=0.5142 auc=0.8138 val_loss=0.5097 val_auc=0.8482
cnn_focus_hybrid phase-a: epoch 25/30 start
cnn_focus_hybrid phase-a: epoch 25/30 done in 22.2s loss=0.5164 auc=0.8089 val_loss=0.5153 val_auc=0.8476
cnn_focus_hybrid phase-a: epoch 26/30 start
cnn_focus_hybrid phase-a: epoch 26/30 done in 22.3s loss=0.5008 auc=0.8277 val_loss=0.5109 val_auc=0.8486
cnn_focus_hybrid phase-a: epoch 27/30 start
cnn_focus_hybrid phase-a: epoch 27/30 done in 22.3s loss=0.5018 auc=0.8198 val_loss=0.4990 val_auc=0.8506
cnn_focus_hybrid phase-a: epoch 28/30 start
cnn_focus_hybrid phase-a: epoch 28/30 done in 22.0s loss=0.4973 auc=0.8194 val_loss=0.5080 val_auc=0.8528
cnn_focus_hybrid phase-a: epoch 29/30 start
cnn_focus_hybrid phase-a: epoch 29/30 done in 21.9s loss=0.4889 auc=0.8189 val_loss=0.4876 val_auc=0.8563
cnn_focus_hybrid phase-a: epoch 30/30 start
cnn_focus_hybrid phase-a: epoch 30/30 done in 21.9s loss=0.4829 auc=0.8285 val_loss=0.4932 val_auc=0.8593
cnn_focus_hybrid final: epoch 1/30 start
cnn_focus_hybrid final: epoch 1/30 done in 406.8s loss=0.7253 auc=0.6050
cnn_focus_hybrid final: epoch 2/30 start
cnn_focus_hybrid final: epoch 2/30 done in 27.0s loss=0.6848 auc=0.6633
cnn_focus_hybrid final: epoch 3/30 start
cnn_focus_hybrid final: epoch 3/30 done in 27.8s loss=0.6514 auc=0.7009
cnn_focus_hybrid final: epoch 4/30 start
cnn_focus_hybrid final: epoch 4/30 done in 27.2s loss=0.6338 auc=0.7225
cnn_focus_hybrid final: epoch 5/30 start
cnn_focus_hybrid final: epoch 5/30 done in 27.4s loss=0.6224 auc=0.7426
cnn_focus_hybrid final: epoch 6/30 start
cnn_focus_hybrid final: epoch 6/30 done in 25.5s loss=0.6118 auc=0.7468
cnn_focus_hybrid final: epoch 7/30 start
cnn_focus_hybrid final: epoch 7/30 done in 26.0s loss=0.6053 auc=0.7594
cnn_focus_hybrid final: epoch 8/30 start
cnn_focus_hybrid final: epoch 8/30 done in 25.5s loss=0.5951 auc=0.7652
cnn_focus_hybrid final: epoch 9/30 start
cnn_focus_hybrid final: epoch 9/30 done in 26.0s loss=0.5881 auc=0.7646
cnn_focus_hybrid final: epoch 10/30 start
cnn_focus_hybrid final: epoch 10/30 done in 25.2s loss=0.5817 auc=0.7691
cnn_focus_hybrid final: epoch 11/30 start
cnn_focus_hybrid final: epoch 11/30 done in 25.4s loss=0.5762 auc=0.7786
cnn_focus_hybrid final: epoch 12/30 start
cnn_focus_hybrid final: epoch 12/30 done in 25.4s loss=0.5701 auc=0.7767
cnn_focus_hybrid final: epoch 13/30 start
cnn_focus_hybrid final: epoch 13/30 done in 25.6s loss=0.5620 auc=0.7826
cnn_focus_hybrid final: epoch 14/30 start
cnn_focus_hybrid final: epoch 14/30 done in 25.5s loss=0.5537 auc=0.7865
cnn_focus_hybrid final: epoch 15/30 start
cnn_focus_hybrid final: epoch 15/30 done in 25.4s loss=0.5495 auc=0.7932
cnn_focus_hybrid final: epoch 16/30 start
cnn_focus_hybrid final: epoch 16/30 done in 26.1s loss=0.5436 auc=0.7955
cnn_focus_hybrid final: epoch 17/30 start
cnn_focus_hybrid final: epoch 17/30 done in 25.2s loss=0.5370 auc=0.7987
cnn_focus_hybrid final: epoch 18/30 start
cnn_focus_hybrid final: epoch 18/30 done in 25.4s loss=0.5273 auc=0.8059
cnn_focus_hybrid final: epoch 19/30 start
cnn_focus_hybrid final: epoch 19/30 done in 25.2s loss=0.5220 auc=0.8074
cnn_focus_hybrid final: epoch 20/30 start
cnn_focus_hybrid final: epoch 20/30 done in 25.4s loss=0.5115 auc=0.8132
cnn_focus_hybrid final: epoch 21/30 start
cnn_focus_hybrid final: epoch 21/30 done in 25.3s loss=0.5017 auc=0.8219
cnn_focus_hybrid final: epoch 22/30 start
cnn_focus_hybrid final: epoch 22/30 done in 25.7s loss=0.4917 auc=0.8262
cnn_focus_hybrid final: epoch 23/30 start
cnn_focus_hybrid final: epoch 23/30 done in 25.6s loss=0.4886 auc=0.8256
cnn_focus_hybrid final: epoch 24/30 start
cnn_focus_hybrid final: epoch 24/30 done in 25.9s loss=0.4844 auc=0.8278
cnn_focus_hybrid final: epoch 25/30 start
cnn_focus_hybrid final: epoch 25/30 done in 25.9s loss=0.4812 auc=0.8309
cnn_focus_hybrid final: epoch 26/30 start
cnn_focus_hybrid final: epoch 26/30 done in 25.8s loss=0.4746 auc=0.8359
cnn_focus_hybrid final: epoch 27/30 start
cnn_focus_hybrid final: epoch 27/30 done in 25.6s loss=0.4729 auc=0.8406
cnn_focus_hybrid final: epoch 28/30 start
cnn_focus_hybrid final: epoch 28/30 done in 25.8s loss=0.4707 auc=0.8408
cnn_focus_hybrid final: epoch 29/30 start
cnn_focus_hybrid final: epoch 29/30 done in 25.9s loss=0.4622 auc=0.8476
cnn_focus_hybrid final: epoch 30/30 start
cnn_focus_hybrid final: epoch 30/30 done in 25.8s loss=0.4694 auc=0.8452
[INFO] focus_binary.focus_binary.scripts.multiseed_eval: seed complete
[INFO] focus_binary.focus_binary.scripts.multiseed_eval: multi-seed evaluation complete
